2026-08-07T08:00:15+00:00 INFO    [event=application.started] IPTV-API 版本: 3.0.0 (构建时间: 2026-08-07 12:22:24)
2026-08-07T08:00:15+00:00 INFO    [phase=prepare event=network.ipv6.checking] 🛜 正在检查当前网络是否支持IPv6...
2026-08-07T08:00:16+00:00 INFO    [phase=prepare event=network.ipv6.supported] 当前网络支持IPv6！
2026-08-07T08:00:17+00:00 INFO    [run=68e69fcaa40d4fdcbe1e2212081dce32 phase=prepare event=run.started] 性能模式: auto → balance，可用资源: 4.0 CPU / 1.86 GB，并发: 测速 5、媒体探测 1、源抓取 3
2026-08-07T08:00:17+00:00 INFO    [run=68e69fcaa40d4fdcbe1e2212081dce32 phase=prepare event=channels.catalog_loaded] 频道目录已加载：白名单 0，黑名单 5，台标 21
2026-08-07T08:00:17+00:00 INFO    [run=68e69fcaa40d4fdcbe1e2212081dce32 phase=fetch event=sources.subscribe.summary] 订阅源数量：0，订阅白名单数量：0，停用地址数量：53，有效总数量：0
2026-08-07T08:00:17+00:00 WARNING [run=68e69fcaa40d4fdcbe1e2212081dce32 phase=fetch event=sources.subscribe.empty] 没有找到有效的订阅地址，请检查文件：config/subscribe.txt，需要添加订阅地址后才能获取订阅源！
2026-08-07T08:00:17+00:00 INFO    [run=68e69fcaa40d4fdcbe1e2212081dce32 phase=fetch event=sources.epg.summary] EPG源数量：0，EPG白名单数量：0，停用地址数量：6，有效总数量：0
2026-08-07T08:00:17+00:00 INFO    [run=68e69fcaa40d4fdcbe1e2212081dce32 phase=aggregate event=channels.aggregated] 频道数据聚合完成：1942 个频道，1260 个接口（IPv4 879 / IPv6 381）
2026-08-07T08:00:17+00:00 INFO    [run=68e69fcaa40d4fdcbe1e2212081dce32 phase=speed_test event=speed_test.planned] 总接口数量: 1145, 需要进行测速的接口数量: 1145
2026-08-07T08:00:17+00:00 INFO    [run=68e69fcaa40d4fdcbe1e2212081dce32 phase=speed_test event=progress.started] 测速  0/1145
2026-08-07T08:00:20+00:00 INFO    [run=68e69fcaa40d4fdcbe1e2212081dce32 phase=speed_test event=progress.updated] 测速  1/1145 (0%)  有效 1  失败 0  CCTV-1 综合
2026-08-07T08:00:55+00:00 INFO    [run=68e69fcaa40d4fdcbe1e2212081dce32 phase=speed_test event=progress.updated] 测速  24/1145 (2%)  有效 15  失败 9  CCTV-2 财经
2026-08-07T08:01:26+00:00 INFO    [run=68e69fcaa40d4fdcbe1e2212081dce32 phase=speed_test event=progress.updated] 测速  49/1145 (4%)  有效 31  失败 18  CCTV-6 电影
2026-08-07T08:02:01+00:00 INFO    [run=68e69fcaa40d4fdcbe1e2212081dce32 phase=speed_test event=progress.updated] 测速  74/1145 (6%)  有效 49  失败 25  CCTV-8 电视剧
2026-08-07T08:02:33+00:00 INFO    [run=68e69fcaa40d4fdcbe1e2212081dce32 phase=speed_test event=progress.updated] 测速  95/1145 (8%)  有效 58  失败 37  CCTV-9 纪录
2026-08-07T08:03:04+00:00 INFO    [run=68e69fcaa40d4fdcbe1e2212081dce32 phase=speed_test event=progress.updated] 测速  123/1145 (10%)  有效 79  失败 44  CCTV-12 社会与法
2026-08-07T08:03:37+00:00 INFO    [run=68e69fcaa40d4fdcbe1e2212081dce32 phase=speed_test event=progress.updated] 测速  146/1145 (12%)  有效 93  失败 53  CCTV-13 新闻
2026-08-07T08:04:12+00:00 INFO    [run=68e69fcaa40d4fdcbe1e2212081dce32 phase=speed_test event=progress.updated] 测速  178/1145 (15%)  有效 116  失败 62  CCTV-15 音乐
2026-08-07T08:04:44+00:00 INFO    [run=68e69fcaa40d4fdcbe1e2212081dce32 phase=speed_test event=progress.updated] 测速  204/1145 (17%)  有效 133  失败 71  CHC动作电影
2026-08-07T08:05:15+00:00 INFO    [run=68e69fcaa40d4fdcbe1e2212081dce32 phase=speed_test event=progress.updated] 测速  241/1145 (21%)  有效 168  失败 73  CGTN-Français （CGTN法语）
2026-08-07T08:05:47+00:00 INFO    [run=68e69fcaa40d4fdcbe1e2212081dce32 phase=speed_test event=progress.updated] 测速  262/1145 (22%)  有效 182  失败 80  东方卫视（上海卫视）
2026-08-07T08:06:20+00:00 INFO    [run=68e69fcaa40d4fdcbe1e2212081dce32 phase=speed_test event=progress.updated] 测速  281/1145 (24%)  有效 192  失败 89  甘肃卫视
2026-08-07T08:06:51+00:00 INFO    [run=68e69fcaa40d4fdcbe1e2212081dce32 phase=speed_test event=progress.updated] 测速  300/1145 (26%)  有效 200  失败 100  贵州卫视
2026-08-07T08:07:23+00:00 INFO    [run=68e69fcaa40d4fdcbe1e2212081dce32 phase=speed_test event=progress.updated] 测速  322/1145 (28%)  有效 212  失败 110  湖北卫视
2026-08-07T08:07:57+00:00 INFO    [run=68e69fcaa40d4fdcbe1e2212081dce32 phase=speed_test event=progress.updated] 测速  343/1145 (29%)  有效 220  失败 123  吉林卫视
2026-08-07T08:08:29+00:00 INFO    [run=68e69fcaa40d4fdcbe1e2212081dce32 phase=speed_test event=progress.updated] 测速  362/1145 (31%)  有效 230  失败 132  江苏卫视
2026-08-07T08:09:00+00:00 INFO    [run=68e69fcaa40d4fdcbe1e2212081dce32 phase=speed_test event=progress.updated] 测速  381/1145 (33%)  有效 242  失败 139  辽宁卫视
2026-08-07T08:09:32+00:00 INFO    [run=68e69fcaa40d4fdcbe1e2212081dce32 phase=speed_test event=progress.updated] 测速  404/1145 (35%)  有效 259  失败 145  三沙卫视
2026-08-07T08:10:04+00:00 INFO    [run=68e69fcaa40d4fdcbe1e2212081dce32 phase=speed_test event=progress.updated] 测速  427/1145 (37%)  有效 275  失败 152  深圳卫视
2026-08-07T08:10:36+00:00 INFO    [run=68e69fcaa40d4fdcbe1e2212081dce32 phase=speed_test event=progress.updated] 测速  444/1145 (38%)  有效 280  失败 164  天津卫视
2026-08-07T08:11:07+00:00 INFO    [run=68e69fcaa40d4fdcbe1e2212081dce32 phase=speed_test event=progress.updated] 测速  465/1145 (40%)  有效 293  失败 172  新疆卫视
2026-08-07T08:11:38+00:00 INFO    [run=68e69fcaa40d4fdcbe1e2212081dce32 phase=speed_test event=progress.updated] 测速  492/1145 (42%)  有效 308  失败 184  重庆卫视
2026-08-07T08:12:10+00:00 INFO    [run=68e69fcaa40d4fdcbe1e2212081dce32 phase=speed_test event=progress.updated] 测速  558/1145 (48%)  有效 322  失败 236  广东新闻
2026-08-07T08:12:42+00:00 INFO    [run=68e69fcaa40d4fdcbe1e2212081dce32 phase=speed_test event=progress.updated] 测速  640/1145 (55%)  有效 398  失败 242  龙游新闻综合
2026-08-07T08:13:13+00:00 INFO    [run=68e69fcaa40d4fdcbe1e2212081dce32 phase=speed_test event=progress.updated] 测速  719/1145 (62%)  有效 475  失败 244  上海第一财经
2026-08-07T08:13:45+00:00 INFO    [run=68e69fcaa40d4fdcbe1e2212081dce32 phase=speed_test event=progress.updated] 测速  765/1145 (66%)  有效 509  失败 256  无锡都市资讯
2026-08-07T08:14:18+00:00 INFO    [run=68e69fcaa40d4fdcbe1e2212081dce32 phase=speed_test event=progress.updated] 测速  797/1145 (69%)  有效 527  失败 270  衡阳新闻综合
2026-08-07T08:14:50+00:00 INFO    [run=68e69fcaa40d4fdcbe1e2212081dce32 phase=speed_test event=progress.updated] 测速  830/1145 (72%)  有效 548  失败 282  旺苍新闻综合
2026-08-07T08:15:22+00:00 INFO    [run=68e69fcaa40d4fdcbe1e2212081dce32 phase=speed_test event=progress.updated] 测速  851/1145 (74%)  有效 555  失败 296  青川综合
2026-08-07T08:15:56+00:00 INFO    [run=68e69fcaa40d4fdcbe1e2212081dce32 phase=speed_test event=progress.updated] 测速  870/1145 (75%)  有效 562  失败 308  福建公共
2026-08-07T08:16:27+00:00 INFO    [run=68e69fcaa40d4fdcbe1e2212081dce32 phase=speed_test event=progress.updated] 测速  902/1145 (78%)  有效 585  失败 317  哈密一套
2026-08-07T08:16:58+00:00 INFO    [run=68e69fcaa40d4fdcbe1e2212081dce32 phase=speed_test event=progress.updated] 测速  926/1145 (80%)  有效 592  失败 334  菏泽经济生活
2026-08-07T08:17:31+00:00 INFO    [run=68e69fcaa40d4fdcbe1e2212081dce32 phase=speed_test event=progress.updated] 测速  960/1145 (83%)  有效 612  失败 348  六安新闻综合
2026-08-07T08:18:03+00:00 INFO    [run=68e69fcaa40d4fdcbe1e2212081dce32 phase=speed_test event=progress.updated] 测速  1012/1145 (88%)  有效 646  失败 366  万合出品
2026-08-07T08:18:34+00:00 INFO    [run=68e69fcaa40d4fdcbe1e2212081dce32 phase=speed_test event=progress.updated] 测速  1055/1145 (92%)  有效 686  失败 369  电影_高分动作
2026-08-07T08:19:06+00:00 INFO    [run=68e69fcaa40d4fdcbe1e2212081dce32 phase=speed_test event=progress.updated] 测速  1089/1145 (95%)  有效 714  失败 375  东森洋片
2026-08-07T08:19:37+00:00 INFO    [run=68e69fcaa40d4fdcbe1e2212081dce32 phase=speed_test event=progress.updated] 测速  1122/1145 (97%)  有效 736  失败 386  凤凰卫视
2026-08-07T08:19:54+00:00 INFO    [run=68e69fcaa40d4fdcbe1e2212081dce32 phase=speed_test event=progress.updated] 测速  1145/1145 (100%)  有效 753  失败 392  天津体育
2026-08-07T08:19:54+00:00 INFO    [run=68e69fcaa40d4fdcbe1e2212081dce32 phase=speed_test event=speed_test.artifacts_written] 测速明细已写入 output/log/speed_test.log，有效结果已写入 output/log/result.log
2026-08-07T08:19:54+00:00 INFO    [run=68e69fcaa40d4fdcbe1e2212081dce32 phase=speed_test event=progress.finished] 测速  1145/1145  有效 753  失败 392
2026-08-07T08:19:55+00:00 INFO    [run=68e69fcaa40d4fdcbe1e2212081dce32 phase=output event=output.written] 结果文件生成完成：更新 6 个文件
2026-08-07T08:19:56+00:00 INFO    [run=68e69fcaa40d4fdcbe1e2212081dce32 phase=statistics event=statistics.finished] 频道统计完成：测试 1145，有效 753
2026-08-07T08:19:56+00:00 INFO    [run=68e69fcaa40d4fdcbe1e2212081dce32 phase=complete event=run.summary] 更新摘要
2026-08-07T08:19:56+00:00 INFO    [run=68e69fcaa40d4fdcbe1e2212081dce32 phase=complete event=run.finished] 更新完成！总耗时：19:39
2026-08-07T08:19:57+00:00 INFO    [phase=schedule event=schedule.next_run] 下次更新时间: 2026-08-08 08:05:00
2026-08-08T00:13:11+00:00 INFO    [event=application.started] IPTV-API 版本: 3.0.0 (构建时间: 2026-08-07 12:22:24)
2026-08-08T00:13:13+00:00 INFO    [phase=prepare event=network.ipv6.checking] 🛜 正在检查当前网络是否支持IPv6...
2026-08-08T00:13:14+00:00 INFO    [phase=prepare event=network.ipv6.supported] 当前网络支持IPv6！
2026-08-08T00:13:17+00:00 INFO    [run=9af04fffd01d43c99463c350793f6fe0 phase=prepare event=run.started] 性能模式: auto → balance，可用资源: 4.0 CPU / 1.86 GB，并发: 测速 5、媒体探测 1、源抓取 3
2026-08-08T00:13:17+00:00 INFO    [run=9af04fffd01d43c99463c350793f6fe0 phase=prepare event=channels.catalog_loaded] 频道目录已加载：白名单 0，黑名单 5，台标 21
2026-08-08T00:13:18+00:00 INFO    [run=9af04fffd01d43c99463c350793f6fe0 phase=fetch event=sources.subscribe.summary] 订阅源数量：0，订阅白名单数量：0，停用地址数量：53，有效总数量：0
2026-08-08T00:13:18+00:00 WARNING [run=9af04fffd01d43c99463c350793f6fe0 phase=fetch event=sources.subscribe.empty] 没有找到有效的订阅地址，请检查文件：config/subscribe.txt，需要添加订阅地址后才能获取订阅源！
2026-08-08T00:13:18+00:00 INFO    [run=9af04fffd01d43c99463c350793f6fe0 phase=fetch event=sources.epg.summary] EPG源数量：0，EPG白名单数量：0，停用地址数量：6，有效总数量：0
2026-08-08T00:13:18+00:00 INFO    [run=9af04fffd01d43c99463c350793f6fe0 phase=aggregate event=channels.aggregated] 频道数据聚合完成：1942 个频道，1046 个接口（IPv4 671 / IPv6 375）
2026-08-08T00:13:18+00:00 INFO    [run=9af04fffd01d43c99463c350793f6fe0 phase=speed_test event=speed_test.planned] 总接口数量: 956, 需要进行测速的接口数量: 956
2026-08-08T00:13:18+00:00 INFO    [run=9af04fffd01d43c99463c350793f6fe0 phase=speed_test event=progress.started] 测速  0/956
2026-08-08T00:13:33+00:00 INFO    [run=9af04fffd01d43c99463c350793f6fe0 phase=speed_test event=progress.updated] 测速  1/956 (0%)  有效 1  失败 0  CCTV-1 综合
2026-08-08T00:14:03+00:00 INFO    [run=9af04fffd01d43c99463c350793f6fe0 phase=speed_test event=progress.updated] 测速  42/956 (4%)  有效 41  失败 1  CCTV-7 国防军事
2026-08-08T00:14:33+00:00 INFO    [run=9af04fffd01d43c99463c350793f6fe0 phase=speed_test event=progress.updated] 测速  89/956 (9%)  有效 87  失败 2  CCTV-12 社会与法
2026-08-08T00:15:04+00:00 INFO    [run=9af04fffd01d43c99463c350793f6fe0 phase=speed_test event=progress.updated] 测速  136/956 (14%)  有效 134  失败 2  CHC动作电影
2026-08-08T00:15:34+00:00 INFO    [run=9af04fffd01d43c99463c350793f6fe0 phase=speed_test event=progress.updated] 测速  165/956 (17%)  有效 159  失败 6  CGTN 国际
2026-08-08T00:16:06+00:00 INFO    [run=9af04fffd01d43c99463c350793f6fe0 phase=speed_test event=progress.updated] 测速  206/956 (21%)  有效 200  失败 6  河北卫视
2026-08-08T00:16:36+00:00 INFO    [run=9af04fffd01d43c99463c350793f6fe0 phase=speed_test event=progress.updated] 测速  234/956 (24%)  有效 226  失败 8  江苏卫视
2026-08-08T00:17:07+00:00 INFO    [run=9af04fffd01d43c99463c350793f6fe0 phase=speed_test event=progress.updated] 测速  264/956 (27%)  有效 256  失败 8  三沙卫视
2026-08-08T00:17:38+00:00 INFO    [run=9af04fffd01d43c99463c350793f6fe0 phase=speed_test event=progress.updated] 测速  290/956 (30%)  有效 282  失败 8  天津卫视
2026-08-08T00:18:08+00:00 INFO    [run=9af04fffd01d43c99463c350793f6fe0 phase=speed_test event=progress.updated] 测速  372/956 (38%)  有效 315  失败 57  广东珠江
2026-08-08T00:18:38+00:00 INFO    [run=9af04fffd01d43c99463c350793f6fe0 phase=speed_test event=progress.updated] 测速  441/956 (46%)  有效 380  失败 61  湖州文化娱乐
2026-08-08T00:19:08+00:00 INFO    [run=9af04fffd01d43c99463c350793f6fe0 phase=speed_test event=progress.updated] 测速  527/956 (55%)  有效 464  失败 63  云和新闻综合
2026-08-08T00:19:39+00:00 INFO    [run=9af04fffd01d43c99463c350793f6fe0 phase=speed_test event=progress.updated] 测速  576/956 (60%)  有效 505  失败 71  无锡生活
2026-08-08T00:20:09+00:00 INFO    [run=9af04fffd01d43c99463c350793f6fe0 phase=speed_test event=progress.updated] 测速  615/956 (64%)  有效 534  失败 81  长沙新闻综合
2026-08-08T00:20:40+00:00 INFO    [run=9af04fffd01d43c99463c350793f6fe0 phase=speed_test event=progress.updated] 测速  645/956 (67%)  有效 553  失败 92  天津都市
2026-08-08T00:21:11+00:00 INFO    [run=9af04fffd01d43c99463c350793f6fe0 phase=speed_test event=progress.updated] 测速  684/956 (71%)  有效 581  失败 103  福建公共
2026-08-08T00:21:42+00:00 INFO    [run=9af04fffd01d43c99463c350793f6fe0 phase=speed_test event=progress.updated] 测速  735/956 (76%)  有效 619  失败 116  菏泽经济生活
2026-08-08T00:22:12+00:00 INFO    [run=9af04fffd01d43c99463c350793f6fe0 phase=speed_test event=progress.updated] 测速  786/956 (82%)  有效 659  失败 127  内蒙古文体娱乐
2026-08-08T00:22:43+00:00 INFO    [run=9af04fffd01d43c99463c350793f6fe0 phase=speed_test event=progress.updated] 测速  830/956 (86%)  有效 690  失败 140  埋堆堆17
2026-08-08T00:23:13+00:00 INFO    [run=9af04fffd01d43c99463c350793f6fe0 phase=speed_test event=progress.updated] 测速  875/956 (91%)  有效 733  失败 142  电影_高能反转
2026-08-08T00:23:43+00:00 INFO    [run=9af04fffd01d43c99463c350793f6fe0 phase=speed_test event=progress.updated] 测速  917/956 (95%)  有效 768  失败 149  新白娘子传奇
2026-08-08T00:24:20+00:00 INFO    [run=9af04fffd01d43c99463c350793f6fe0 phase=speed_test event=progress.updated] 测速  955/956 (99%)  有效 796  失败 159  音乐现场
2026-08-08T00:24:20+00:00 INFO    [run=9af04fffd01d43c99463c350793f6fe0 phase=speed_test event=progress.updated] 测速  956/956 (100%)  有效 796  失败 160  音乐现场
2026-08-08T00:24:20+00:00 INFO    [run=9af04fffd01d43c99463c350793f6fe0 phase=speed_test event=speed_test.artifacts_written] 测速明细已写入 output/log/speed_test.log，有效结果已写入 output/log/result.log
2026-08-08T00:24:20+00:00 INFO    [run=9af04fffd01d43c99463c350793f6fe0 phase=speed_test event=progress.finished] 测速  956/956  有效 796  失败 160
2026-08-08T00:24:21+00:00 INFO    [run=9af04fffd01d43c99463c350793f6fe0 phase=output event=output.written] 结果文件生成完成：更新 6 个文件
2026-08-08T00:24:23+00:00 INFO    [run=9af04fffd01d43c99463c350793f6fe0 phase=statistics event=statistics.finished] 频道统计完成：测试 956，有效 796
2026-08-08T00:24:23+00:00 INFO    [run=9af04fffd01d43c99463c350793f6fe0 phase=complete event=run.summary] 更新摘要
2026-08-08T00:24:23+00:00 INFO    [run=9af04fffd01d43c99463c350793f6fe0 phase=complete event=run.finished] 更新完成！总耗时：11:06
2026-08-08T00:24:23+00:00 INFO    [phase=schedule event=schedule.next_run] 下次更新时间: 2026-08-08 14:05:00
2026-08-08T06:08:28+00:00 INFO    [event=application.started] IPTV-API 版本: 3.0.0 (构建时间: 2026-08-07 12:22:24)
2026-08-08T06:08:29+00:00 INFO    [phase=prepare event=network.ipv6.checking] 🛜 正在检查当前网络是否支持IPv6...
2026-08-08T06:08:30+00:00 INFO    [phase=prepare event=network.ipv6.supported] 当前网络支持IPv6！
2026-08-08T06:08:30+00:00 INFO    [run=96c877dbf1914b46bc6d2ec7122869bc phase=prepare event=run.started] 性能模式: auto → balance，可用资源: 4.0 CPU / 1.86 GB，并发: 测速 5、媒体探测 1、源抓取 3
2026-08-08T06:08:30+00:00 INFO    [run=96c877dbf1914b46bc6d2ec7122869bc phase=prepare event=channels.catalog_loaded] 频道目录已加载：白名单 0，黑名单 5，台标 21
2026-08-08T06:08:31+00:00 INFO    [run=96c877dbf1914b46bc6d2ec7122869bc phase=fetch event=sources.subscribe.summary] 订阅源数量：0，订阅白名单数量：0，停用地址数量：53，有效总数量：0
2026-08-08T06:08:31+00:00 WARNING [run=96c877dbf1914b46bc6d2ec7122869bc phase=fetch event=sources.subscribe.empty] 没有找到有效的订阅地址，请检查文件：config/subscribe.txt，需要添加订阅地址后才能获取订阅源！
2026-08-08T06:08:31+00:00 INFO    [run=96c877dbf1914b46bc6d2ec7122869bc phase=fetch event=sources.epg.summary] EPG源数量：0，EPG白名单数量：0，停用地址数量：6，有效总数量：0
2026-08-08T06:08:31+00:00 INFO    [run=96c877dbf1914b46bc6d2ec7122869bc phase=aggregate event=channels.aggregated] 频道数据聚合完成：1942 个频道，1036 个接口（IPv4 663 / IPv6 373）
2026-08-08T06:08:31+00:00 INFO    [run=96c877dbf1914b46bc6d2ec7122869bc phase=speed_test event=speed_test.planned] 总接口数量: 948, 需要进行测速的接口数量: 948
2026-08-08T06:08:31+00:00 INFO    [run=96c877dbf1914b46bc6d2ec7122869bc phase=speed_test event=progress.started] 测速  0/948
2026-08-08T06:08:39+00:00 INFO    [run=96c877dbf1914b46bc6d2ec7122869bc phase=speed_test event=progress.updated] 测速  1/948 (0%)  有效 1  失败 0  CCTV-1 综合
2026-08-08T06:09:09+00:00 INFO    [run=96c877dbf1914b46bc6d2ec7122869bc phase=speed_test event=progress.updated] 测速  33/948 (3%)  有效 28  失败 5  CCTV-6 电影
2026-08-08T06:09:39+00:00 INFO    [run=96c877dbf1914b46bc6d2ec7122869bc phase=speed_test event=progress.updated] 测速  67/948 (7%)  有效 58  失败 9  CCTV-11 戏曲
2026-08-08T06:10:10+00:00 INFO    [run=96c877dbf1914b46bc6d2ec7122869bc phase=speed_test event=progress.updated] 测速  110/948 (11%)  有效 99  失败 11  CCTV-15 音乐
2026-08-08T06:10:40+00:00 INFO    [run=96c877dbf1914b46bc6d2ec7122869bc phase=speed_test event=progress.updated] 测速  143/948 (15%)  有效 130  失败 13  CCTV-第一剧场
2026-08-08T06:11:11+00:00 INFO    [run=96c877dbf1914b46bc6d2ec7122869bc phase=speed_test event=progress.updated] 测速  181/948 (19%)  有效 168  失败 13  东方卫视（上海卫视）
2026-08-08T06:11:41+00:00 INFO    [run=96c877dbf1914b46bc6d2ec7122869bc phase=speed_test event=progress.updated] 测速  212/948 (22%)  有效 197  失败 15  湖南卫视
2026-08-08T06:12:11+00:00 INFO    [run=96c877dbf1914b46bc6d2ec7122869bc phase=speed_test event=progress.updated] 测速  238/948 (25%)  有效 223  失败 15  辽宁卫视
2026-08-08T06:12:42+00:00 INFO    [run=96c877dbf1914b46bc6d2ec7122869bc phase=speed_test event=progress.updated] 测速  266/948 (28%)  有效 251  失败 15  陕西卫视
2026-08-08T06:13:12+00:00 INFO    [run=96c877dbf1914b46bc6d2ec7122869bc phase=speed_test event=progress.updated] 测速  291/948 (30%)  有效 275  失败 16  新疆卫视
2026-08-08T06:13:42+00:00 INFO    [run=96c877dbf1914b46bc6d2ec7122869bc phase=speed_test event=progress.updated] 测速  368/948 (38%)  有效 300  失败 68  广东珠江
2026-08-08T06:14:12+00:00 INFO    [run=96c877dbf1914b46bc6d2ec7122869bc phase=speed_test event=progress.updated] 测速  447/948 (47%)  有效 376  失败 71  浙江遂昌
2026-08-08T06:14:43+00:00 INFO    [run=96c877dbf1914b46bc6d2ec7122869bc phase=speed_test event=progress.updated] 测速  529/948 (55%)  有效 455  失败 74  北京生活
2026-08-08T06:15:13+00:00 INFO    [run=96c877dbf1914b46bc6d2ec7122869bc phase=speed_test event=progress.updated] 测速  569/948 (60%)  有效 485  失败 84  无锡经济
2026-08-08T06:15:44+00:00 INFO    [run=96c877dbf1914b46bc6d2ec7122869bc phase=speed_test event=progress.updated] 测速  607/948 (64%)  有效 512  失败 95  靖江新闻综合
2026-08-08T06:16:14+00:00 INFO    [run=96c877dbf1914b46bc6d2ec7122869bc phase=speed_test event=progress.updated] 测速  635/948 (66%)  有效 528  失败 107  津南一套
2026-08-08T06:16:46+00:00 INFO    [run=96c877dbf1914b46bc6d2ec7122869bc phase=speed_test event=progress.updated] 测速  661/948 (69%)  有效 542  失败 119  陕西新闻资讯
2026-08-08T06:17:16+00:00 INFO    [run=96c877dbf1914b46bc6d2ec7122869bc phase=speed_test event=progress.updated] 测速  688/948 (72%)  有效 558  失败 130  河北农民
2026-08-08T06:17:46+00:00 INFO    [run=96c877dbf1914b46bc6d2ec7122869bc phase=speed_test event=progress.updated] 测速  718/948 (75%)  有效 577  失败 141  伊犁经济法制
2026-08-08T06:18:16+00:00 INFO    [run=96c877dbf1914b46bc6d2ec7122869bc phase=speed_test event=progress.updated] 测速  751/948 (79%)  有效 596  失败 155  黄山公共生活
2026-08-08T06:18:47+00:00 INFO    [run=96c877dbf1914b46bc6d2ec7122869bc phase=speed_test event=progress.updated] 测速  797/948 (84%)  有效 632  失败 165  甘南县综合
2026-08-08T06:19:17+00:00 INFO    [run=96c877dbf1914b46bc6d2ec7122869bc phase=speed_test event=progress.updated] 测速  831/948 (87%)  有效 656  失败 175  埋堆堆24
2026-08-08T06:19:47+00:00 INFO    [run=96c877dbf1914b46bc6d2ec7122869bc phase=speed_test event=progress.updated] 测速  878/948 (92%)  有效 699  失败 179  电影_怪兽
2026-08-08T06:20:20+00:00 INFO    [run=96c877dbf1914b46bc6d2ec7122869bc phase=speed_test event=progress.updated] 测速  918/948 (96%)  有效 730  失败 188  翡翠台
2026-08-08T06:20:43+00:00 INFO    [run=96c877dbf1914b46bc6d2ec7122869bc phase=speed_test event=progress.updated] 测速  948/948 (100%)  有效 754  失败 194  音乐现场
2026-08-08T06:20:43+00:00 INFO    [run=96c877dbf1914b46bc6d2ec7122869bc phase=speed_test event=speed_test.artifacts_written] 测速明细已写入 output/log/speed_test.log，有效结果已写入 output/log/result.log
2026-08-08T06:20:43+00:00 INFO    [run=96c877dbf1914b46bc6d2ec7122869bc phase=speed_test event=progress.finished] 测速  948/948  有效 754  失败 194
2026-08-08T06:20:45+00:00 INFO    [run=96c877dbf1914b46bc6d2ec7122869bc phase=output event=output.written] 结果文件生成完成：更新 6 个文件
2026-08-08T06:20:46+00:00 INFO    [run=96c877dbf1914b46bc6d2ec7122869bc phase=statistics event=statistics.finished] 频道统计完成：测试 948，有效 754
2026-08-08T06:20:47+00:00 INFO    [run=96c877dbf1914b46bc6d2ec7122869bc phase=complete event=run.summary] 更新摘要
2026-08-08T06:20:47+00:00 INFO    [run=96c877dbf1914b46bc6d2ec7122869bc phase=complete event=run.finished] 更新完成！总耗时：12:16
2026-08-08T06:20:47+00:00 INFO    [phase=schedule event=schedule.next_run] 下次更新时间: 2026-08-09 08:05:00
2026-08-09T00:08:05+00:00 INFO    [event=application.started] IPTV-API 版本: 3.0.0 (构建时间: 2026-08-07 12:22:24)
2026-08-09T00:08:06+00:00 INFO    [phase=prepare event=network.ipv6.checking] 🛜 正在检查当前网络是否支持IPv6...
2026-08-09T00:08:08+00:00 INFO    [phase=prepare event=network.ipv6.supported] 当前网络支持IPv6！
2026-08-09T00:08:08+00:00 INFO    [run=3bc9b5daab67427d8a8d5c2ff56f87e5 phase=prepare event=run.started] 性能模式: auto → balance，可用资源: 4.0 CPU / 1.86 GB，并发: 测速 5、媒体探测 1、源抓取 3
2026-08-09T00:08:08+00:00 INFO    [run=3bc9b5daab67427d8a8d5c2ff56f87e5 phase=prepare event=channels.catalog_loaded] 频道目录已加载：白名单 0，黑名单 5，台标 21
2026-08-09T00:08:09+00:00 INFO    [run=3bc9b5daab67427d8a8d5c2ff56f87e5 phase=fetch event=sources.subscribe.summary] 订阅源数量：0，订阅白名单数量：0，停用地址数量：53，有效总数量：0
2026-08-09T00:08:09+00:00 WARNING [run=3bc9b5daab67427d8a8d5c2ff56f87e5 phase=fetch event=sources.subscribe.empty] 没有找到有效的订阅地址，请检查文件：config/subscribe.txt，需要添加订阅地址后才能获取订阅源！
2026-08-09T00:08:09+00:00 INFO    [run=3bc9b5daab67427d8a8d5c2ff56f87e5 phase=fetch event=sources.epg.summary] EPG源数量：0，EPG白名单数量：0，停用地址数量：6，有效总数量：0
2026-08-09T00:08:09+00:00 INFO    [run=3bc9b5daab67427d8a8d5c2ff56f87e5 phase=aggregate event=channels.aggregated] 频道数据聚合完成：1942 个频道，1016 个接口（IPv4 646 / IPv6 370）
2026-08-09T00:08:09+00:00 INFO    [run=3bc9b5daab67427d8a8d5c2ff56f87e5 phase=speed_test event=speed_test.planned] 总接口数量: 929, 需要进行测速的接口数量: 929
2026-08-09T00:08:09+00:00 INFO    [run=3bc9b5daab67427d8a8d5c2ff56f87e5 phase=speed_test event=progress.started] 测速  0/929
2026-08-09T00:08:17+00:00 INFO    [run=3bc9b5daab67427d8a8d5c2ff56f87e5 phase=speed_test event=progress.updated] 测速  1/929 (0%)  有效 1  失败 0  CCTV-1 综合
2026-08-09T00:08:48+00:00 INFO    [run=3bc9b5daab67427d8a8d5c2ff56f87e5 phase=speed_test event=progress.updated] 测速  38/929 (4%)  有效 34  失败 4  CCTV-8 电视剧
2026-08-09T00:09:17+00:00 INFO    [run=3bc9b5daab67427d8a8d5c2ff56f87e5 phase=speed_test event=progress.updated] 测速  75/929 (8%)  有效 70  失败 5  CCTV-12 社会与法
2026-08-09T00:09:47+00:00 INFO    [run=3bc9b5daab67427d8a8d5c2ff56f87e5 phase=speed_test event=progress.updated] 测速  118/929 (12%)  有效 111  失败 7  CCTV-17 农业农村
2026-08-09T00:10:18+00:00 INFO    [run=3bc9b5daab67427d8a8d5c2ff56f87e5 phase=speed_test event=progress.updated] 测速  150/929 (16%)  有效 141  失败 9  CGTN-Documentary （CGTN纪录）
2026-08-09T00:10:48+00:00 INFO    [run=3bc9b5daab67427d8a8d5c2ff56f87e5 phase=speed_test event=progress.updated] 测速  186/929 (20%)  有效 177  失败 9  广西卫视
2026-08-09T00:11:19+00:00 INFO    [run=3bc9b5daab67427d8a8d5c2ff56f87e5 phase=speed_test event=progress.updated] 测速  217/929 (23%)  有效 206  失败 11  江苏卫视
2026-08-09T00:11:48+00:00 INFO    [run=3bc9b5daab67427d8a8d5c2ff56f87e5 phase=speed_test event=progress.updated] 测速  245/929 (26%)  有效 234  失败 11  三沙卫视
2026-08-09T00:12:19+00:00 INFO    [run=3bc9b5daab67427d8a8d5c2ff56f87e5 phase=speed_test event=progress.updated] 测速  270/929 (29%)  有效 259  失败 11  天津卫视
2026-08-09T00:12:49+00:00 INFO    [run=3bc9b5daab67427d8a8d5c2ff56f87e5 phase=speed_test event=progress.updated] 测速  337/929 (36%)  有效 286  失败 51  河南乡村频道
2026-08-09T00:13:18+00:00 INFO    [run=3bc9b5daab67427d8a8d5c2ff56f87e5 phase=speed_test event=progress.updated] 测速  398/929 (42%)  有效 335  失败 63  浙江教科
2026-08-09T00:13:45+00:00 INFO    [run=3bc9b5daab67427d8a8d5c2ff56f87e5 phase=speed_test event=progress.updated] 测速  484/929 (52%)  有效 419  失败 65  开化国家公园
2026-08-09T00:14:15+00:00 INFO    [run=3bc9b5daab67427d8a8d5c2ff56f87e5 phase=speed_test event=progress.updated] 测速  541/929 (58%)  有效 463  失败 78  南通新闻综合
2026-08-09T00:14:44+00:00 INFO    [run=3bc9b5daab67427d8a8d5c2ff56f87e5 phase=speed_test event=progress.updated] 测速  591/929 (63%)  有效 505  失败 86  靖江新闻综合
2026-08-09T00:15:13+00:00 INFO    [run=3bc9b5daab67427d8a8d5c2ff56f87e5 phase=speed_test event=progress.updated] 测速  643/929 (69%)  有效 544  失败 99  陕西新闻资讯
2026-08-09T00:15:44+00:00 INFO    [run=3bc9b5daab67427d8a8d5c2ff56f87e5 phase=speed_test event=progress.updated] 测速  679/929 (73%)  有效 569  失败 110  嘉峪关综合
2026-08-09T00:16:13+00:00 INFO    [run=3bc9b5daab67427d8a8d5c2ff56f87e5 phase=speed_test event=progress.updated] 测速  727/929 (78%)  有效 606  失败 121  安徽综艺体育
2026-08-09T00:16:42+00:00 INFO    [run=3bc9b5daab67427d8a8d5c2ff56f87e5 phase=speed_test event=progress.updated] 测速  780/929 (83%)  有效 647  失败 133  西宁生活服务
2026-08-09T00:17:12+00:00 INFO    [run=3bc9b5daab67427d8a8d5c2ff56f87e5 phase=speed_test event=progress.updated] 测速  825/929 (88%)  有效 682  失败 143  电影_八点档
2026-08-09T00:17:42+00:00 INFO    [run=3bc9b5daab67427d8a8d5c2ff56f87e5 phase=speed_test event=progress.updated] 测速  862/929 (92%)  有效 711  失败 151  电影_罪犯
2026-08-09T00:18:12+00:00 INFO    [run=3bc9b5daab67427d8a8d5c2ff56f87e5 phase=speed_test event=progress.updated] 测速  901/929 (96%)  有效 739  失败 162  翡翠台
2026-08-09T00:18:31+00:00 INFO    [run=3bc9b5daab67427d8a8d5c2ff56f87e5 phase=speed_test event=progress.updated] 测速  929/929 (100%)  有效 761  失败 168  音乐现场
2026-08-09T00:18:31+00:00 INFO    [run=3bc9b5daab67427d8a8d5c2ff56f87e5 phase=speed_test event=speed_test.artifacts_written] 测速明细已写入 output/log/speed_test.log，有效结果已写入 output/log/result.log
2026-08-09T00:18:31+00:00 INFO    [run=3bc9b5daab67427d8a8d5c2ff56f87e5 phase=speed_test event=progress.finished] 测速  929/929  有效 761  失败 168
2026-08-09T00:18:31+00:00 INFO    [run=3bc9b5daab67427d8a8d5c2ff56f87e5 phase=output event=output.written] 结果文件生成完成：更新 6 个文件
2026-08-09T00:18:33+00:00 INFO    [run=3bc9b5daab67427d8a8d5c2ff56f87e5 phase=statistics event=statistics.finished] 频道统计完成：测试 929，有效 761
2026-08-09T00:18:32+00:00 INFO    [run=3bc9b5daab67427d8a8d5c2ff56f87e5 phase=complete event=run.summary] 更新摘要
2026-08-09T00:18:32+00:00 INFO    [run=3bc9b5daab67427d8a8d5c2ff56f87e5 phase=complete event=run.finished] 更新完成！总耗时：10:23
2026-08-09T00:18:32+00:00 INFO    [phase=schedule event=schedule.next_run] 下次更新时间: 2026-08-09 14:05:00
2026-08-10T00:04:09+00:00 INFO    [event=application.started] IPTV-API 版本: 3.0.0 (构建时间: 2026-08-07 12:22:24)
2026-08-10T00:04:10+00:00 INFO    [phase=prepare event=network.ipv6.checking] 🛜 正在检查当前网络是否支持IPv6...
2026-08-10T00:04:11+00:00 INFO    [phase=prepare event=network.ipv6.supported] 当前网络支持IPv6！
2026-08-10T00:04:11+00:00 INFO    [run=f5c6bcb7e2384a1c9b714d48cd75e80b phase=prepare event=run.started] 性能模式: auto → balance，可用资源: 4.0 CPU / 1.86 GB，并发: 测速 5、媒体探测 1、源抓取 3
2026-08-10T00:04:11+00:00 INFO    [run=f5c6bcb7e2384a1c9b714d48cd75e80b phase=prepare event=channels.catalog_loaded] 频道目录已加载：白名单 0，黑名单 5，台标 21
2026-08-10T00:04:12+00:00 INFO    [run=f5c6bcb7e2384a1c9b714d48cd75e80b phase=fetch event=sources.subscribe.summary] 订阅源数量：0，订阅白名单数量：0，停用地址数量：53，有效总数量：0
2026-08-10T00:04:12+00:00 WARNING [run=f5c6bcb7e2384a1c9b714d48cd75e80b phase=fetch event=sources.subscribe.empty] 没有找到有效的订阅地址，请检查文件：config/subscribe.txt，需要添加订阅地址后才能获取订阅源！
2026-08-10T00:04:12+00:00 INFO    [run=f5c6bcb7e2384a1c9b714d48cd75e80b phase=fetch event=sources.epg.summary] EPG源数量：0，EPG白名单数量：0，停用地址数量：6，有效总数量：0
2026-08-10T00:04:12+00:00 INFO    [run=f5c6bcb7e2384a1c9b714d48cd75e80b phase=aggregate event=channels.aggregated] 频道数据聚合完成：1942 个频道，1003 个接口（IPv4 635 / IPv6 368）
2026-08-10T00:04:12+00:00 INFO    [run=f5c6bcb7e2384a1c9b714d48cd75e80b phase=speed_test event=speed_test.planned] 总接口数量: 918, 需要进行测速的接口数量: 918
2026-08-10T00:04:12+00:00 INFO    [run=f5c6bcb7e2384a1c9b714d48cd75e80b phase=speed_test event=progress.started] 测速  0/918
2026-08-10T00:04:16+00:00 INFO    [run=f5c6bcb7e2384a1c9b714d48cd75e80b phase=speed_test event=progress.updated] 测速  1/918 (0%)  有效 1  失败 0  CCTV-1 综合
2026-08-10T00:04:46+00:00 INFO    [run=f5c6bcb7e2384a1c9b714d48cd75e80b phase=speed_test event=progress.updated] 测速  50/918 (5%)  有效 50  失败 0  CCTV-10 科教
2026-08-10T00:05:16+00:00 INFO    [run=f5c6bcb7e2384a1c9b714d48cd75e80b phase=speed_test event=progress.updated] 测速  98/918 (10%)  有效 97  失败 1  CCTV-15 音乐
2026-08-10T00:05:48+00:00 INFO    [run=f5c6bcb7e2384a1c9b714d48cd75e80b phase=speed_test event=progress.updated] 测速  131/918 (14%)  有效 126  失败 5  CCTV-世界地理
2026-08-10T00:06:18+00:00 INFO    [run=f5c6bcb7e2384a1c9b714d48cd75e80b phase=speed_test event=progress.updated] 测速  169/918 (18%)  有效 161  失败 8  甘肃卫视
2026-08-10T00:06:49+00:00 INFO    [run=f5c6bcb7e2384a1c9b714d48cd75e80b phase=speed_test event=progress.updated] 测速  201/918 (21%)  有效 192  失败 9  湖南卫视
2026-08-10T00:07:18+00:00 INFO    [run=f5c6bcb7e2384a1c9b714d48cd75e80b phase=speed_test event=progress.updated] 测速  227/918 (24%)  有效 217  失败 10  内蒙古卫视
2026-08-10T00:07:48+00:00 INFO    [run=f5c6bcb7e2384a1c9b714d48cd75e80b phase=speed_test event=progress.updated] 测速  256/918 (27%)  有效 245  失败 11  四川卫视
2026-08-10T00:08:18+00:00 INFO    [run=f5c6bcb7e2384a1c9b714d48cd75e80b phase=speed_test event=progress.updated] 测速  285/918 (31%)  有效 273  失败 12  河南都市频道
2026-08-10T00:08:47+00:00 INFO    [run=f5c6bcb7e2384a1c9b714d48cd75e80b phase=speed_test event=progress.updated] 测速  371/918 (40%)  有效 310  失败 61  浙江经济生活
2026-08-10T00:09:12+00:00 INFO    [run=f5c6bcb7e2384a1c9b714d48cd75e80b phase=speed_test event=progress.updated] 测速  459/918 (50%)  有效 396  失败 63  武义新闻综合
2026-08-10T00:09:42+00:00 INFO    [run=f5c6bcb7e2384a1c9b714d48cd75e80b phase=speed_test event=progress.updated] 测速  524/918 (57%)  有效 455  失败 69  宜兴新闻
2026-08-10T00:10:12+00:00 INFO    [run=f5c6bcb7e2384a1c9b714d48cd75e80b phase=speed_test event=progress.updated] 测速  578/918 (62%)  有效 503  失败 75  镇江新闻综合
2026-08-10T00:10:42+00:00 INFO    [run=f5c6bcb7e2384a1c9b714d48cd75e80b phase=speed_test event=progress.updated] 测速  614/918 (66%)  有效 525  失败 89  广安公共
2026-08-10T00:11:11+00:00 INFO    [run=f5c6bcb7e2384a1c9b714d48cd75e80b phase=speed_test event=progress.updated] 测速  658/918 (71%)  有效 557  失败 101  滦平新闻
2026-08-10T00:11:42+00:00 INFO    [run=f5c6bcb7e2384a1c9b714d48cd75e80b phase=speed_test event=progress.updated] 测速  715/918 (77%)  有效 598  失败 117  山东生活
2026-08-10T00:12:12+00:00 INFO    [run=f5c6bcb7e2384a1c9b714d48cd75e80b phase=speed_test event=progress.updated] 测速  760/918 (82%)  有效 636  失败 124  哈尔滨影视
2026-08-10T00:12:42+00:00 INFO    [run=f5c6bcb7e2384a1c9b714d48cd75e80b phase=speed_test event=progress.updated] 测速  807/918 (87%)  有效 670  失败 137  电影_玄幻
2026-08-10T00:13:11+00:00 INFO    [run=f5c6bcb7e2384a1c9b714d48cd75e80b phase=speed_test event=progress.updated] 测速  851/918 (92%)  有效 711  失败 140  电影_推荐
2026-08-10T00:13:42+00:00 INFO    [run=f5c6bcb7e2384a1c9b714d48cd75e80b phase=speed_test event=progress.updated] 测速  887/918 (96%)  有效 738  失败 149  新白娘子传奇
2026-08-10T00:14:04+00:00 INFO    [run=f5c6bcb7e2384a1c9b714d48cd75e80b phase=speed_test event=progress.updated] 测速  918/918 (100%)  有效 762  失败 156  音乐现场
2026-08-10T00:14:04+00:00 INFO    [run=f5c6bcb7e2384a1c9b714d48cd75e80b phase=speed_test event=speed_test.artifacts_written] 测速明细已写入 output/log/speed_test.log，有效结果已写入 output/log/result.log
2026-08-10T00:14:04+00:00 INFO    [run=f5c6bcb7e2384a1c9b714d48cd75e80b phase=speed_test event=progress.finished] 测速  918/918  有效 762  失败 156
2026-08-10T00:14:04+00:00 INFO    [run=f5c6bcb7e2384a1c9b714d48cd75e80b phase=output event=output.written] 结果文件生成完成：更新 6 个文件
2026-08-10T00:14:07+00:00 INFO    [run=f5c6bcb7e2384a1c9b714d48cd75e80b phase=statistics event=statistics.finished] 频道统计完成：测试 918，有效 762
2026-08-10T00:14:08+00:00 INFO    [run=f5c6bcb7e2384a1c9b714d48cd75e80b phase=complete event=run.summary] 更新摘要
2026-08-10T00:14:08+00:00 INFO    [run=f5c6bcb7e2384a1c9b714d48cd75e80b phase=complete event=run.finished] 更新完成！总耗时：09:56
2026-08-10T00:14:08+00:00 INFO    [phase=schedule event=schedule.next_run] 下次更新时间: 2026-08-10 14:05:00
2026-08-10T03:12:17+00:00 INFO    [event=application.started] IPTV-API 版本: 3.0.0 (构建时间: 2026-08-10 10:27:56)
2026-08-10T03:12:18+00:00 INFO    [phase=prepare event=network.ipv6.checking] 🛜 正在检查当前网络是否支持IPv6...
2026-08-10T03:12:19+00:00 INFO    [phase=prepare event=network.ipv6.supported] 当前网络支持IPv6！
2026-08-10T03:12:19+00:00 INFO    [run=79c27df539ea4018bd6ab1aac1f7a985 phase=prepare event=run.started] 性能模式: auto → balance，可用资源: 4.0 CPU / 1.86 GB，并发: 测速 5、媒体探测 1、源抓取 3
2026-08-10T03:12:19+00:00 INFO    [run=79c27df539ea4018bd6ab1aac1f7a985 phase=prepare event=channels.catalog_loaded] 频道目录已加载：白名单 0，黑名单 5，台标 21
2026-08-10T03:12:20+00:00 INFO    [run=79c27df539ea4018bd6ab1aac1f7a985 phase=fetch event=sources.subscribe.summary] 订阅源数量：0，订阅白名单数量：0，停用地址数量：53，有效总数量：0
2026-08-10T03:12:20+00:00 WARNING [run=79c27df539ea4018bd6ab1aac1f7a985 phase=fetch event=sources.subscribe.empty] 没有找到有效的订阅地址，请检查文件：config/subscribe.txt，需要添加订阅地址后才能获取订阅源！
2026-08-10T03:12:20+00:00 INFO    [run=79c27df539ea4018bd6ab1aac1f7a985 phase=fetch event=sources.epg.summary] EPG源数量：0，EPG白名单数量：0，停用地址数量：6，有效总数量：0
2026-08-10T03:12:20+00:00 INFO    [run=79c27df539ea4018bd6ab1aac1f7a985 phase=aggregate event=channels.aggregated] 频道数据聚合完成：1942 个频道，995 个接口（IPv4 627 / IPv6 368）
2026-08-10T03:12:20+00:00 INFO    [run=79c27df539ea4018bd6ab1aac1f7a985 phase=speed_test event=speed_test.planned] 总接口数量: 911, 需要进行测速的接口数量: 911
2026-08-10T03:12:20+00:00 INFO    [run=79c27df539ea4018bd6ab1aac1f7a985 phase=speed_test event=progress.started] 测速  0/911
2026-08-10T03:12:23+00:00 INFO    [run=79c27df539ea4018bd6ab1aac1f7a985 phase=speed_test event=progress.updated] 测速  1/911 (0%)  有效 1  失败 0  CCTV-1 综合
2026-08-10T03:12:52+00:00 INFO    [run=79c27df539ea4018bd6ab1aac1f7a985 phase=speed_test event=progress.updated] 测速  51/911 (5%)  有效 51  失败 0  CCTV-10 科教
2026-08-10T03:13:21+00:00 INFO    [run=79c27df539ea4018bd6ab1aac1f7a985 phase=speed_test event=progress.updated] 测速  97/911 (10%)  有效 95  失败 2  CCTV-15 音乐
2026-08-10T03:13:52+00:00 INFO    [run=79c27df539ea4018bd6ab1aac1f7a985 phase=speed_test event=progress.updated] 测速  133/911 (14%)  有效 129  失败 4  CCTV-央视文化精品
2026-08-10T03:14:21+00:00 INFO    [run=79c27df539ea4018bd6ab1aac1f7a985 phase=speed_test event=progress.updated] 测速  172/911 (18%)  有效 168  失败 4  广西卫视
2026-08-10T03:14:51+00:00 INFO    [run=79c27df539ea4018bd6ab1aac1f7a985 phase=speed_test event=progress.updated] 测速  203/911 (22%)  有效 199  失败 4  吉林卫视
2026-08-10T03:15:21+00:00 INFO    [run=79c27df539ea4018bd6ab1aac1f7a985 phase=speed_test event=progress.updated] 测速  232/911 (25%)  有效 228  失败 4  山东卫视
2026-08-10T03:15:50+00:00 INFO    [run=79c27df539ea4018bd6ab1aac1f7a985 phase=speed_test event=progress.updated] 测速  258/911 (28%)  有效 254  失败 4  天津卫视
2026-08-10T03:16:19+00:00 INFO    [run=79c27df539ea4018bd6ab1aac1f7a985 phase=speed_test event=progress.updated] 测速  294/911 (32%)  有效 278  失败 16  唐河一套
2026-08-10T03:16:47+00:00 INFO    [run=79c27df539ea4018bd6ab1aac1f7a985 phase=speed_test event=progress.updated] 测速  383/911 (42%)  有效 328  失败 55  浙江少儿
2026-08-10T03:17:17+00:00 INFO    [run=79c27df539ea4018bd6ab1aac1f7a985 phase=speed_test event=progress.updated] 测速  456/911 (50%)  有效 400  失败 56  松阳综合
2026-08-10T03:17:46+00:00 INFO    [run=79c27df539ea4018bd6ab1aac1f7a985 phase=speed_test event=progress.updated] 测速  516/911 (56%)  有效 453  失败 63  南京十八
2026-08-10T03:18:16+00:00 INFO    [run=79c27df539ea4018bd6ab1aac1f7a985 phase=speed_test event=progress.updated] 测速  571/911 (62%)  有效 499  失败 72  镇江新闻综合
2026-08-10T03:18:45+00:00 INFO    [run=79c27df539ea4018bd6ab1aac1f7a985 phase=speed_test event=progress.updated] 测速  616/911 (67%)  有效 528  失败 88  松潘新闻综合
2026-08-10T03:19:18+00:00 INFO    [run=79c27df539ea4018bd6ab1aac1f7a985 phase=speed_test event=progress.updated] 测速  666/911 (73%)  有效 572  失败 94  天祝综合
2026-08-10T03:19:48+00:00 INFO    [run=79c27df539ea4018bd6ab1aac1f7a985 phase=speed_test event=progress.updated] 测速  722/911 (79%)  有效 614  失败 108  长白山电视台
2026-08-10T03:20:17+00:00 INFO    [run=79c27df539ea4018bd6ab1aac1f7a985 phase=speed_test event=progress.updated] 测速  775/911 (85%)  有效 649  失败 126  华语影视
2026-08-10T03:20:46+00:00 INFO    [run=79c27df539ea4018bd6ab1aac1f7a985 phase=speed_test event=progress.updated] 测速  818/911 (89%)  有效 662  失败 156  电影_高分动作
2026-08-10T03:21:15+00:00 INFO    [run=79c27df539ea4018bd6ab1aac1f7a985 phase=speed_test event=progress.updated] 测速  861/911 (94%)  有效 690  失败 171  金鹰卡通
2026-08-10T03:21:45+00:00 INFO    [run=79c27df539ea4018bd6ab1aac1f7a985 phase=speed_test event=progress.updated] 测速  903/911 (99%)  有效 721  失败 182  快乐垂钓
2026-08-10T03:21:47+00:00 INFO    [run=79c27df539ea4018bd6ab1aac1f7a985 phase=speed_test event=progress.updated] 测速  911/911 (100%)  有效 728  失败 183  音乐现场
2026-08-10T03:21:47+00:00 INFO    [run=79c27df539ea4018bd6ab1aac1f7a985 phase=speed_test event=speed_test.artifacts_written] 测速明细已写入 output/log/speed_test.log，有效结果已写入 output/log/result.log
2026-08-10T03:21:47+00:00 INFO    [run=79c27df539ea4018bd6ab1aac1f7a985 phase=speed_test event=progress.finished] 测速  911/911  有效 728  失败 183
2026-08-10T03:21:49+00:00 INFO    [run=79c27df539ea4018bd6ab1aac1f7a985 phase=output event=output.written] 结果文件生成完成：更新 6 个文件
2026-08-10T03:21:51+00:00 INFO    [run=79c27df539ea4018bd6ab1aac1f7a985 phase=statistics event=statistics.finished] 频道统计完成：测试 911，有效 728
2026-08-10T03:21:51+00:00 INFO    [run=79c27df539ea4018bd6ab1aac1f7a985 phase=complete event=run.summary] 更新摘要
2026-08-10T03:21:51+00:00 INFO    [run=79c27df539ea4018bd6ab1aac1f7a985 phase=complete event=run.finished] 更新完成！总耗时：09:31
2026-08-10T03:21:52+00:00 INFO    [phase=schedule event=schedule.next_run] 下次更新时间: 2026-08-10 14:05:00
