分类: 📺央视频道, 名称: CCTV-7 国防军事, 有效: 1, IPv4: 1, IPv6: 0, 最小延迟: 46 ms, 最高速率: 0.87 MiB/s, 平均速率: 0.87 MiB/s, 最高分辨率: 1920x1080, 平均帧率: 未知, 视频编解码器: 未知, 音频编解码器: 未知
分类: 📺央视频道, 名称: CCTV-1 综合, 有效: 1, IPv4: 1, IPv6: 0, 最小延迟: 140 ms, 最高速率: 2.72 MiB/s, 平均速率: 2.72 MiB/s, 最高分辨率: 1920x1080, 平均帧率: 未知, 视频编解码器: 未知, 音频编解码器: 未知
分类: 📺央视频道, 名称: CCTV-2 财经, 有效: 1, IPv4: 1, IPv6: 0, 最小延迟: 254 ms, 最高速率: 2.45 MiB/s, 平均速率: 2.45 MiB/s, 最高分辨率: 1920x1080, 平均帧率: 未知, 视频编解码器: 未知, 音频编解码器: 未知
分类: 📺央视频道, 名称: CCTV-6 电影, 有效: 1, IPv4: 1, IPv6: 0, 最小延迟: 47 ms, 最高速率: 0.87 MiB/s, 平均速率: 0.87 MiB/s, 最高分辨率: 1920x1080, 平均帧率: 未知, 视频编解码器: 未知, 音频编解码器: 未知
分类: 📺央视频道, 名称: CCTV-3 综艺, 有效: 0, IPv4: 1, IPv6: 0, 最小延迟: 1643 ms, 最高速率: 0.11 MiB/s, 平均速率: 0.00 MiB/s, 最高分辨率: 1920x1080, 平均帧率: 未知, 视频编解码器: 未知, 音频编解码器: 未知
分类: 📺央视频道, 名称: CCTV-11 戏曲, 有效: 1, IPv4: 1, IPv6: 0, 最小延迟: 40 ms, 最高速率: 0.96 MiB/s, 平均速率: 0.96 MiB/s, 最高分辨率: 1920x1080, 平均帧率: 未知, 视频编解码器: 未知, 音频编解码器: 未知
分类: 📺央视频道, 名称: CCTV-9 纪录, 有效: 1, IPv4: 1, IPv6: 0, 最小延迟: 144 ms, 最高速率: 1.79 MiB/s, 平均速率: 1.79 MiB/s, 最高分辨率: 1920x1080, 平均帧率: 未知, 视频编解码器: 未知, 音频编解码器: 未知
分类: 📺央视频道, 名称: CCTV-8 电视剧, 有效: 1, IPv4: 1, IPv6: 0, 最小延迟: 51 ms, 最高速率: 0.84 MiB/s, 平均速率: 0.84 MiB/s, 最高分辨率: 1920x1080, 平均帧率: 未知, 视频编解码器: 未知, 音频编解码器: 未知
分类: 📺央视频道, 名称: CCTV-10 科教, 有效: 1, IPv4: 1, IPv6: 0, 最小延迟: 184 ms, 最高速率: 2.54 MiB/s, 平均速率: 2.54 MiB/s, 最高分辨率: 1920x1080, 平均帧率: 未知, 视频编解码器: 未知, 音频编解码器: 未知
分类: 📺央视频道, 名称: CCTV-12 社会与法, 有效: 1, IPv4: 1, IPv6: 0, 最小延迟: 103 ms, 最高速率: 1.29 MiB/s, 平均速率: 1.29 MiB/s, 最高分辨率: 1920x1080, 平均帧率: 未知, 视频编解码器: 未知, 音频编解码器: 未知
分类: 📺央视频道, 名称: CCTV-13 新闻, 有效: 1, IPv4: 1, IPv6: 0, 最小延迟: 340 ms, 最高速率: 1.98 MiB/s, 平均速率: 1.98 MiB/s, 最高分辨率: 1920x1080, 平均帧率: 未知, 视频编解码器: 未知, 音频编解码器: 未知
分类: 📺央视频道, 名称: CCTV-15 音乐, 有效: 2, IPv4: 2, IPv6: 0, 最小延迟: 333 ms, 最高速率: 3.44 MiB/s, 平均速率: 2.79 MiB/s, 最高分辨率: 1920x1080, 平均帧率: 未知, 视频编解码器: 未知, 音频编解码器: 未知
分类: 📺央视频道, 名称: CCTV-17 农业农村, 有效: 1, IPv4: 1, IPv6: 0, 最小延迟: 194 ms, 最高速率: 2.62 MiB/s, 平均速率: 2.62 MiB/s, 最高分辨率: 1920x1080, 平均帧率: 未知, 视频编解码器: 未知, 音频编解码器: 未知
分类: 📺央视频道, 名称: CCTV-16 奥林匹克, 有效: 1, IPv4: 1, IPv6: 0, 最小延迟: 270 ms, 最高速率: 1.09 MiB/s, 平均速率: 1.09 MiB/s, 最高分辨率: 1280x720, 平均帧率: 未知, 视频编解码器: 未知, 音频编解码器: 未知
分类: 📺央视频道, 名称: CHC动作电影, 有效: 0, IPv4: 1, IPv6: 0, 最小延迟: 376 ms, 最高速率: 0.16 MiB/s, 平均速率: 0.00 MiB/s, 最高分辨率: 1280x720, 平均帧率: 未知, 视频编解码器: 未知, 音频编解码器: 未知
分类: 📺央视频道, 名称: CHC家庭影院, 有效: 0, IPv4: 1, IPv6: 0, 最小延迟: 582 ms, 最高速率: 0.13 MiB/s, 平均速率: 0.00 MiB/s, 最高分辨率: 1280x720, 平均帧率: 未知, 视频编解码器: 未知, 音频编解码器: 未知
分类: 💰央视付费频道, 名称: CCTV-风云剧场, 有效: 0, IPv4: 1, IPv6: 0, 最小延迟: 83 ms, 最高速率: 0.32 MiB/s, 平均速率: 0.00 MiB/s, 最高分辨率: 1920x1080, 平均帧率: 未知, 视频编解码器: 未知, 音频编解码器: 未知
分类: 💰央视付费频道, 名称: CCTV-怀旧剧场, 有效: 1, IPv4: 1, IPv6: 0, 最小延迟: 61 ms, 最高速率: 1.34 MiB/s, 平均速率: 1.34 MiB/s, 最高分辨率: 1920x1080, 平均帧率: 未知, 视频编解码器: 未知, 音频编解码器: 未知
分类: 💰央视付费频道, 名称: CCTV-世界地理, 有效: 0, IPv4: 1, IPv6: 0, 最小延迟: 678 ms, 最高速率: 0.16 MiB/s, 平均速率: 0.00 MiB/s, 最高分辨率: 1920x1080, 平均帧率: 未知, 视频编解码器: 未知, 音频编解码器: 未知
分类: 💰央视付费频道, 名称: CCTV-高尔夫·网球, 有效: 0, IPv4: 1, IPv6: 0, 最小延迟: 323 ms, 最高速率: 0.20 MiB/s, 平均速率: 0.00 MiB/s, 最高分辨率: 1920x1080, 平均帧率: 未知, 视频编解码器: 未知, 音频编解码器: 未知
分类: 💰央视付费频道, 名称: CCTV-兵器科技, 有效: 0, IPv4: 1, IPv6: 0, 最小延迟: 431 ms, 最高速率: 0.16 MiB/s, 平均速率: 0.00 MiB/s, 最高分辨率: 1280x720, 平均帧率: 未知, 视频编解码器: 未知, 音频编解码器: 未知
分类: 💰央视付费频道, 名称: CCTV-女性时尚, 有效: 0, IPv4: 1, IPv6: 0, 最小延迟: 52 ms, 最高速率: 0.26 MiB/s, 平均速率: 0.00 MiB/s, 最高分辨率: 1920x1080, 平均帧率: 未知, 视频编解码器: 未知, 音频编解码器: 未知
分类: 📺CETV（中国教育电视台）, 名称: CETV-1 教育综合, 有效: 0, IPv4: 1, IPv6: 0, 最小延迟: 741 ms, 最高速率: 0.20 MiB/s, 平均速率: 0.00 MiB/s, 最高分辨率: 1920x1080, 平均帧率: 未知, 视频编解码器: 未知, 音频编解码器: 未知
分类: 📺CETV（中国教育电视台）, 名称: CETV-2 教育教学, 有效: 0, IPv4: 1, IPv6: 0, 最小延迟: 1933 ms, 最高速率: 0.03 MiB/s, 平均速率: 0.00 MiB/s, 最高分辨率: 1920x1080, 平均帧率: 未知, 视频编解码器: 未知, 音频编解码器: 未知
分类: 📡卫视频道, 名称: 贵州卫视, 有效: 1, IPv4: 1, IPv6: 0, 最小延迟: 43 ms, 最高速率: 0.63 MiB/s, 平均速率: 0.63 MiB/s, 最高分辨率: 1920x1080, 平均帧率: 未知, 视频编解码器: 未知, 音频编解码器: 未知
分类: 📡卫视频道, 名称: 湖北卫视, 有效: 0, IPv4: 1, IPv6: 0, 最小延迟: 283 ms, 最高速率: 0.41 MiB/s, 平均速率: 0.00 MiB/s, 最高分辨率: 1920x1080, 平均帧率: 未知, 视频编解码器: 未知, 音频编解码器: 未知
分类: 📡卫视频道, 名称: 湖南卫视, 有效: 1, IPv4: 1, IPv6: 0, 最小延迟: 12 ms, 最高速率: 8.29 MiB/s, 平均速率: 8.29 MiB/s, 最高分辨率: 3840x2160, 平均帧率: 未知, 视频编解码器: 未知, 音频编解码器: 未知
分类: 📡卫视频道, 名称: 吉林卫视, 有效: 0, IPv4: 1, IPv6: 0, 最小延迟: 1066 ms, 最高速率: 0.31 MiB/s, 平均速率: 0.00 MiB/s, 最高分辨率: 1920x1080, 平均帧率: 未知, 视频编解码器: 未知, 音频编解码器: 未知
分类: 📡卫视频道, 名称: 辽宁卫视, 有效: 0, IPv4: 1, IPv6: 0, 最小延迟: 50 ms, 最高速率: 0.35 MiB/s, 平均速率: 0.00 MiB/s, 最高分辨率: 1920x1080, 平均帧率: 未知, 视频编解码器: 未知, 音频编解码器: 未知
分类: 📡卫视频道, 名称: 江苏卫视, 有效: 0, IPv4: 1, IPv6: 0, 最小延迟: 1072 ms, 最高速率: 0.05 MiB/s, 平均速率: 0.00 MiB/s, 最高分辨率: 1920x1080, 平均帧率: 未知, 视频编解码器: 未知, 音频编解码器: 未知
分类: 📡卫视频道, 名称: 江西卫视, 有效: 0, IPv4: 1, IPv6: 0, 最小延迟: 732 ms, 最高速率: 0.07 MiB/s, 平均速率: 0.00 MiB/s, 最高分辨率: 1920x1080, 平均帧率: 未知, 视频编解码器: 未知, 音频编解码器: 未知
分类: 📡卫视频道, 名称: 内蒙古卫视, 有效: 0, IPv4: 1, IPv6: 0, 最小延迟: 124 ms, 最高速率: 0.26 MiB/s, 平均速率: 0.00 MiB/s, 最高分辨率: 1920x1080, 平均帧率: 未知, 视频编解码器: 未知, 音频编解码器: 未知
分类: 📡卫视频道, 名称: 深圳卫视, 有效: 1, IPv4: 1, IPv6: 0, 最小延迟: 64 ms, 最高速率: 0.72 MiB/s, 平均速率: 0.72 MiB/s, 最高分辨率: 1920x1080, 平均帧率: 未知, 视频编解码器: 未知, 音频编解码器: 未知
分类: 📡卫视频道, 名称: 山东卫视, 有效: 0, IPv4: 1, IPv6: 0, 最小延迟: 281 ms, 最高速率: 0.05 MiB/s, 平均速率: 0.00 MiB/s, 最高分辨率: 1920x1080, 平均帧率: 未知, 视频编解码器: 未知, 音频编解码器: 未知
分类: 📡卫视频道, 名称: 陕西卫视, 有效: 0, IPv4: 1, IPv6: 0, 最小延迟: 427 ms, 最高速率: 0.15 MiB/s, 平均速率: 0.00 MiB/s, 最高分辨率: 1280x720, 平均帧率: 未知, 视频编解码器: 未知, 音频编解码器: 未知
分类: 📡卫视频道, 名称: 山西卫视, 有效: 1, IPv4: 1, IPv6: 0, 最小延迟: 585 ms, 最高速率: 0.56 MiB/s, 平均速率: 0.56 MiB/s, 最高分辨率: 1920x1080, 平均帧率: 未知, 视频编解码器: 未知, 音频编解码器: 未知
分类: 📡卫视频道, 名称: 浙江卫视, 有效: 2, IPv4: 2, IPv6: 0, 最小延迟: 30 ms, 最高速率: 7.24 MiB/s, 平均速率: 4.69 MiB/s, 最高分辨率: 1920x1080, 平均帧率: 未知, 视频编解码器: 未知, 音频编解码器: 未知
分类: 📡卫视频道, 名称: 青海卫视, 有效: 0, IPv4: 1, IPv6: 0, 最小延迟: 759 ms, 最高速率: 0.21 MiB/s, 平均速率: 0.00 MiB/s, 最高分辨率: 1920x1080, 平均帧率: 未知, 视频编解码器: 未知, 音频编解码器: 未知
分类: 📡卫视频道, 名称: 天津卫视, 有效: 1, IPv4: 1, IPv6: 0, 最小延迟: 292 ms, 最高速率: 0.62 MiB/s, 平均速率: 0.62 MiB/s, 最高分辨率: 1920x1080, 平均帧率: 未知, 视频编解码器: 未知, 音频编解码器: 未知
分类: 📡卫视频道, 名称: 四川卫视, 有效: 0, IPv4: 1, IPv6: 0, 最小延迟: 1170 ms, 最高速率: 0.12 MiB/s, 平均速率: 0.00 MiB/s, 最高分辨率: 1920x1080, 平均帧率: 未知, 视频编解码器: 未知, 音频编解码器: 未知
分类: 📡卫视频道, 名称: 重庆卫视, 有效: 0, IPv4: 1, IPv6: 0, 最小延迟: 1230 ms, 最高速率: 0.06 MiB/s, 平均速率: 0.00 MiB/s, 最高分辨率: 1920x1080, 平均帧率: 未知, 视频编解码器: 未知, 音频编解码器: 未知
分类: ☘️河南频道, 名称: 河南都市频道, 有效: 0, IPv4: 1, IPv6: 0, 最小延迟: — ms, 最高速率: 0.00 MiB/s, 平均速率: 0.00 MiB/s, 最高分辨率: 1920x1080, 平均帧率: 未知, 视频编解码器: 未知, 音频编解码器: 未知
分类: ☘️河南频道, 名称: 荥阳综合, 有效: 1, IPv4: 1, IPv6: 0, 最小延迟: 113 ms, 最高速率: 3.51 MiB/s, 平均速率: 3.51 MiB/s, 最高分辨率: 1920x1080, 平均帧率: 未知, 视频编解码器: 未知, 音频编解码器: 未知
分类: ☘️广东频道, 名称: 广东体育, 有效: 0, IPv4: 2, IPv6: 0, 最小延迟: 400 ms, 最高速率: 0.14 MiB/s, 平均速率: 0.00 MiB/s, 最高分辨率: 1920x1080, 平均帧率: 未知, 视频编解码器: 未知, 音频编解码器: 未知
分类: ☘️广东频道, 名称: 大湾区卫视, 有效: 1, IPv4: 1, IPv6: 0, 最小延迟: 112 ms, 最高速率: 0.92 MiB/s, 平均速率: 0.92 MiB/s, 最高分辨率: 1920x1080, 平均帧率: 未知, 视频编解码器: 未知, 音频编解码器: 未知
分类: ☘️广东频道, 名称: 广州综合, 有效: 3, IPv4: 3, IPv6: 0, 最小延迟: 17 ms, 最高速率: 8.18 MiB/s, 平均速率: 3.91 MiB/s, 最高分辨率: 1280x720, 平均帧率: 未知, 视频编解码器: 未知, 音频编解码器: 未知
分类: ☘️广东频道, 名称: 广东新闻, 有效: 0, IPv4: 1, IPv6: 0, 最小延迟: 461 ms, 最高速率: 0.06 MiB/s, 平均速率: 0.00 MiB/s, 最高分辨率: 1280x720, 平均帧率: 未知, 视频编解码器: 未知, 音频编解码器: 未知
分类: ☘️浙江频道, 名称: 浙江钱江, 有效: 3, IPv4: 3, IPv6: 0, 最小延迟: 54 ms, 最高速率: 5.26 MiB/s, 平均速率: 4.27 MiB/s, 最高分辨率: 1920x1080, 平均帧率: 未知, 视频编解码器: 未知, 音频编解码器: 未知
分类: ☘️浙江频道, 名称: 浙江生活, 有效: 1, IPv4: 1, IPv6: 0, 最小延迟: 95 ms, 最高速率: 5.58 MiB/s, 平均速率: 5.58 MiB/s, 最高分辨率: 1920x1080, 平均帧率: 未知, 视频编解码器: 未知, 音频编解码器: 未知
分类: ☘️浙江频道, 名称: 浙江经济生活, 有效: 1, IPv4: 1, IPv6: 0, 最小延迟: 75 ms, 最高速率: 3.25 MiB/s, 平均速率: 3.25 MiB/s, 最高分辨率: 1920x1080, 平均帧率: 未知, 视频编解码器: 未知, 音频编解码器: 未知
分类: ☘️浙江频道, 名称: 浙江教育, 有效: 1, IPv4: 1, IPv6: 0, 最小延迟: 202 ms, 最高速率: 1.96 MiB/s, 平均速率: 1.96 MiB/s, 最高分辨率: 1280x720, 平均帧率: 未知, 视频编解码器: 未知, 音频编解码器: 未知
分类: ☘️浙江频道, 名称: 浙江民生, 有效: 4, IPv4: 5, IPv6: 0, 最小延迟: 58 ms, 最高速率: 4.39 MiB/s, 平均速率: 3.03 MiB/s, 最高分辨率: 1920x1080, 平均帧率: 未知, 视频编解码器: 未知, 音频编解码器: 未知
分类: ☘️浙江频道, 名称: 浙江新闻, 有效: 1, IPv4: 2, IPv6: 0, 最小延迟: 229 ms, 最高速率: 28.44 MiB/s, 平均速率: 28.44 MiB/s, 最高分辨率: 1920x1080, 平均帧率: 未知, 视频编解码器: 未知, 音频编解码器: 未知
分类: ☘️浙江频道, 名称: 浙江少儿, 有效: 1, IPv4: 1, IPv6: 0, 最小延迟: 49 ms, 最高速率: 3.59 MiB/s, 平均速率: 3.59 MiB/s, 最高分辨率: 1920x1080, 平均帧率: 未知, 视频编解码器: 未知, 音频编解码器: 未知
分类: ☘️浙江频道, 名称: 浙江经济, 有效: 1, IPv4: 1, IPv6: 0, 最小延迟: 112 ms, 最高速率: 3.25 MiB/s, 平均速率: 3.25 MiB/s, 最高分辨率: 1280x720, 平均帧率: 未知, 视频编解码器: 未知, 音频编解码器: 未知
分类: ☘️浙江频道, 名称: 浙江教科, 有效: 1, IPv4: 1, IPv6: 0, 最小延迟: 195 ms, 最高速率: 3.69 MiB/s, 平均速率: 3.69 MiB/s, 最高分辨率: 1920x1080, 平均帧率: 未知, 视频编解码器: 未知, 音频编解码器: 未知
分类: ☘️浙江频道, 名称: 之江纪录, 有效: 1, IPv4: 1, IPv6: 0, 最小延迟: 219 ms, 最高速率: 2.63 MiB/s, 平均速率: 2.63 MiB/s, 最高分辨率: 1920x1080, 平均帧率: 未知, 视频编解码器: 未知, 音频编解码器: 未知
分类: ☘️浙江频道, 名称: 浙江国际, 有效: 1, IPv4: 1, IPv6: 0, 最小延迟: 51 ms, 最高速率: 3.83 MiB/s, 平均速率: 3.83 MiB/s, 最高分辨率: 1920x1080, 平均帧率: 未知, 视频编解码器: 未知, 音频编解码器: 未知
分类: ☘️浙江频道, 名称: 嘉兴新闻综合, 有效: 2, IPv4: 2, IPv6: 0, 最小延迟: 68 ms, 最高速率: 4.94 MiB/s, 平均速率: 3.07 MiB/s, 最高分辨率: 1920x1080, 平均帧率: 未知, 视频编解码器: 未知, 音频编解码器: 未知
分类: ☘️浙江频道, 名称: 湖州新闻综合, 有效: 3, IPv4: 3, IPv6: 0, 最小延迟: 43 ms, 最高速率: 2.97 MiB/s, 平均速率: 2.58 MiB/s, 最高分辨率: 1280x720, 平均帧率: 未知, 视频编解码器: 未知, 音频编解码器: 未知
分类: ☘️浙江频道, 名称: 湖州文化娱乐, 有效: 2, IPv4: 2, IPv6: 0, 最小延迟: 31 ms, 最高速率: 4.74 MiB/s, 平均速率: 4.69 MiB/s, 最高分辨率: 1280x720, 平均帧率: 未知, 视频编解码器: 未知, 音频编解码器: 未知
分类: ☘️浙江频道, 名称: 浙江经视, 有效: 1, IPv4: 1, IPv6: 0, 最小延迟: 48 ms, 最高速率: 3.67 MiB/s, 平均速率: 3.67 MiB/s, 最高分辨率: 1280x720, 平均帧率: 未知, 视频编解码器: 未知, 音频编解码器: 未知
分类: ☘️浙江频道, 名称: 浙江留学, 有效: 1, IPv4: 1, IPv6: 0, 最小延迟: 78 ms, 最高速率: 2.54 MiB/s, 平均速率: 2.54 MiB/s, 最高分辨率: 1920x1080, 平均帧率: 未知, 视频编解码器: 未知, 音频编解码器: 未知
分类: ☘️浙江频道, 名称: 浙江数码时代, 有效: 1, IPv4: 1, IPv6: 0, 最小延迟: 44 ms, 最高速率: 3.41 MiB/s, 平均速率: 3.41 MiB/s, 最高分辨率: 1920x1080, 平均帧率: 未知, 视频编解码器: 未知, 音频编解码器: 未知
分类: ☘️浙江频道, 名称: 浙江公共新闻, 有效: 1, IPv4: 1, IPv6: 0, 最小延迟: 65 ms, 最高速率: 4.02 MiB/s, 平均速率: 4.02 MiB/s, 最高分辨率: 1920x1080, 平均帧率: 未知, 视频编解码器: 未知, 音频编解码器: 未知
分类: ☘️浙江频道, 名称: 浙江休闲台, 有效: 1, IPv4: 1, IPv6: 0, 最小延迟: 371 ms, 最高速率: 1.99 MiB/s, 平均速率: 1.99 MiB/s, 最高分辨率: 1280x720, 平均帧率: 未知, 视频编解码器: 未知, 音频编解码器: 未知
分类: ☘️浙江频道, 名称: 浙江遂昌, 有效: 1, IPv4: 1, IPv6: 0, 最小延迟: 113 ms, 最高速率: 1.95 MiB/s, 平均速率: 1.95 MiB/s, 最高分辨率: 1920x1080, 平均帧率: 未知, 视频编解码器: 未知, 音频编解码器: 未知
分类: ☘️浙江频道, 名称: 浙江青田, 有效: 1, IPv4: 1, IPv6: 0, 最小延迟: 638 ms, 最高速率: 1.36 MiB/s, 平均速率: 1.36 MiB/s, 最高分辨率: 1920x1080, 平均帧率: 未知, 视频编解码器: 未知, 音频编解码器: 未知
分类: ☘️浙江频道, 名称: 诸暨新闻综合, 有效: 1, IPv4: 1, IPv6: 0, 最小延迟: 264 ms, 最高速率: 3.37 MiB/s, 平均速率: 3.37 MiB/s, 最高分辨率: 1920x1080, 平均帧率: 未知, 视频编解码器: 未知, 音频编解码器: 未知
分类: ☘️浙江频道, 名称: 龙游生活娱乐, 有效: 1, IPv4: 1, IPv6: 0, 最小延迟: 104 ms, 最高速率: 2.72 MiB/s, 平均速率: 2.72 MiB/s, 最高分辨率: 1280x720, 平均帧率: 未知, 视频编解码器: 未知, 音频编解码器: 未知
分类: ☘️浙江频道, 名称: 龙泉新闻综合, 有效: 1, IPv4: 1, IPv6: 0, 最小延迟: 105 ms, 最高速率: 3.50 MiB/s, 平均速率: 3.50 MiB/s, 最高分辨率: 1920x1080, 平均帧率: 未知, 视频编解码器: 未知, 音频编解码器: 未知
分类: ☘️浙江频道, 名称: 遂昌综合, 有效: 1, IPv4: 1, IPv6: 0, 最小延迟: 267 ms, 最高速率: 2.35 MiB/s, 平均速率: 2.35 MiB/s, 最高分辨率: 1920x1080, 平均帧率: 未知, 视频编解码器: 未知, 音频编解码器: 未知
分类: ☘️浙江频道, 名称: 龙游新闻综合, 有效: 1, IPv4: 1, IPv6: 0, 最小延迟: 159 ms, 最高速率: 3.65 MiB/s, 平均速率: 3.65 MiB/s, 最高分辨率: 1280x720, 平均帧率: 未知, 视频编解码器: 未知, 音频编解码器: 未知
分类: ☘️浙江频道, 名称: 象山新闻综合, 有效: 1, IPv4: 1, IPv6: 0, 最小延迟: 79 ms, 最高速率: 4.90 MiB/s, 平均速率: 4.90 MiB/s, 最高分辨率: 1280x720, 平均帧率: 未知, 视频编解码器: 未知, 音频编解码器: 未知
分类: ☘️浙江频道, 名称: 衢江新闻综合, 有效: 1, IPv4: 1, IPv6: 0, 最小延迟: 57 ms, 最高速率: 5.43 MiB/s, 平均速率: 5.43 MiB/s, 最高分辨率: 1920x1080, 平均帧率: 未知, 视频编解码器: 未知, 音频编解码器: 未知
分类: ☘️浙江频道, 名称: 萧山生活, 有效: 1, IPv4: 1, IPv6: 0, 最小延迟: 100 ms, 最高速率: 5.07 MiB/s, 平均速率: 5.07 MiB/s, 最高分辨率: 1280x720, 平均帧率: 未知, 视频编解码器: 未知, 音频编解码器: 未知
分类: ☘️浙江频道, 名称: 象山综合, 有效: 1, IPv4: 1, IPv6: 0, 最小延迟: 46 ms, 最高速率: 0.52 MiB/s, 平均速率: 0.52 MiB/s, 最高分辨率: 1920x1080, 平均帧率: 未知, 视频编解码器: 未知, 音频编解码器: 未知
分类: ☘️浙江频道, 名称: 杭州影视, 有效: 0, IPv4: 1, IPv6: 0, 最小延迟: — ms, 最高速率: 0.00 MiB/s, 平均速率: 0.00 MiB/s, 最高分辨率: —, 平均帧率: 未知, 视频编解码器: 未知, 音频编解码器: 未知
分类: ☘️浙江频道, 名称: 苍南新闻综合, 有效: 1, IPv4: 1, IPv6: 0, 最小延迟: 68 ms, 最高速率: 4.55 MiB/s, 平均速率: 4.55 MiB/s, 最高分辨率: 1920x1080, 平均帧率: 未知, 视频编解码器: 未知, 音频编解码器: 未知
分类: ☘️浙江频道, 名称: 缙云新闻综合, 有效: 0, IPv4: 1, IPv6: 0, 最小延迟: 1080 ms, 最高速率: 0.07 MiB/s, 平均速率: 0.00 MiB/s, 最高分辨率: 1280x720, 平均帧率: 未知, 视频编解码器: 未知, 音频编解码器: 未知
分类: ☘️浙江频道, 名称: 湖州公共民生, 有效: 1, IPv4: 1, IPv6: 0, 最小延迟: 19 ms, 最高速率: 6.89 MiB/s, 平均速率: 6.89 MiB/s, 最高分辨率: 1280x720, 平均帧率: 未知, 视频编解码器: 未知, 音频编解码器: 未知
分类: ☘️浙江频道, 名称: 绍兴文化影院, 有效: 1, IPv4: 1, IPv6: 0, 最小延迟: 47 ms, 最高速率: 0.37 MiB/s, 平均速率: 0.37 MiB/s, 最高分辨率: 1280x720, 平均帧率: 未知, 视频编解码器: 未知, 音频编解码器: 未知
分类: ☘️浙江频道, 名称: 绍兴电视台公共, 有效: 1, IPv4: 1, IPv6: 0, 最小延迟: 1213 ms, 最高速率: 0.41 MiB/s, 平均速率: 0.41 MiB/s, 最高分辨率: 1280x720, 平均帧率: 未知, 视频编解码器: 未知, 音频编解码器: 未知
分类: ☘️浙江频道, 名称: 绍兴公共, 有效: 1, IPv4: 1, IPv6: 0, 最小延迟: 678 ms, 最高速率: 0.56 MiB/s, 平均速率: 0.56 MiB/s, 最高分辨率: 1280x720, 平均帧率: 未知, 视频编解码器: 未知, 音频编解码器: 未知
分类: ☘️浙江频道, 名称: 海宁新闻综合, 有效: 1, IPv4: 1, IPv6: 0, 最小延迟: 665 ms, 最高速率: 0.33 MiB/s, 平均速率: 0.33 MiB/s, 最高分辨率: 1280x720, 平均帧率: 未知, 视频编解码器: 未知, 音频编解码器: 未知
分类: ☘️浙江频道, 名称: 松阳综合, 有效: 1, IPv4: 1, IPv6: 0, 最小延迟: 58 ms, 最高速率: 3.39 MiB/s, 平均速率: 3.39 MiB/s, 最高分辨率: 1920x1080, 平均帧率: 未知, 视频编解码器: 未知, 音频编解码器: 未知
分类: ☘️浙江频道, 名称: 普陀电视台, 有效: 1, IPv4: 1, IPv6: 0, 最小延迟: 83 ms, 最高速率: 3.59 MiB/s, 平均速率: 3.59 MiB/s, 最高分辨率: 1280x720, 平均帧率: 未知, 视频编解码器: 未知, 音频编解码器: 未知
分类: ☘️浙江频道, 名称: 新昌新闻综合, 有效: 2, IPv4: 2, IPv6: 0, 最小延迟: 49 ms, 最高速率: 6.94 MiB/s, 平均速率: 4.66 MiB/s, 最高分辨率: 1920x1080, 平均帧率: 未知, 视频编解码器: 未知, 音频编解码器: 未知
分类: ☘️浙江频道, 名称: 永嘉新闻综合, 有效: 1, IPv4: 1, IPv6: 0, 最小延迟: 138 ms, 最高速率: 2.34 MiB/s, 平均速率: 2.34 MiB/s, 最高分辨率: 1920x1080, 平均帧率: 未知, 视频编解码器: 未知, 音频编解码器: 未知
分类: ☘️浙江频道, 名称: 新昌生活, 有效: 1, IPv4: 1, IPv6: 0, 最小延迟: 167 ms, 最高速率: 2.18 MiB/s, 平均速率: 2.18 MiB/s, 最高分辨率: 1920x1080, 平均帧率: 未知, 视频编解码器: 未知, 音频编解码器: 未知
分类: ☘️浙江频道, 名称: 普陀新闻综合, 有效: 1, IPv4: 1, IPv6: 0, 最小延迟: 453 ms, 最高速率: 2.29 MiB/s, 平均速率: 2.29 MiB/s, 最高分辨率: 1280x720, 平均帧率: 未知, 视频编解码器: 未知, 音频编解码器: 未知
分类: ☘️浙江频道, 名称: 文成综合, 有效: 2, IPv4: 2, IPv6: 0, 最小延迟: 206 ms, 最高速率: 3.14 MiB/s, 平均速率: 2.17 MiB/s, 最高分辨率: 1280x720, 平均帧率: 未知, 视频编解码器: 未知, 音频编解码器: 未知
分类: ☘️浙江频道, 名称: 数码时代, 有效: 1, IPv4: 1, IPv6: 0, 最小延迟: 122 ms, 最高速率: 2.60 MiB/s, 平均速率: 2.60 MiB/s, 最高分辨率: 1280x720, 平均帧率: 未知, 视频编解码器: 未知, 音频编解码器: 未知
分类: ☘️浙江频道, 名称: 开化新闻综合, 有效: 1, IPv4: 1, IPv6: 0, 最小延迟: 160 ms, 最高速率: 3.31 MiB/s, 平均速率: 3.31 MiB/s, 最高分辨率: 1280x720, 平均帧率: 未知, 视频编解码器: 未知, 音频编解码器: 未知
分类: ☘️浙江频道, 名称: 庆元综合, 有效: 1, IPv4: 1, IPv6: 0, 最小延迟: 314 ms, 最高速率: 3.06 MiB/s, 平均速率: 3.06 MiB/s, 最高分辨率: 1920x1080, 平均帧率: 未知, 视频编解码器: 未知, 音频编解码器: 未知
分类: ☘️浙江频道, 名称: 开化国家公园, 有效: 1, IPv4: 1, IPv6: 0, 最小延迟: 555 ms, 最高速率: 1.83 MiB/s, 平均速率: 1.83 MiB/s, 最高分辨率: 1280x720, 平均帧率: 未知, 视频编解码器: 未知, 音频编解码器: 未知
分类: ☘️浙江频道, 名称: 余杭未来E, 有效: 1, IPv4: 1, IPv6: 0, 最小延迟: 400 ms, 最高速率: 2.50 MiB/s, 平均速率: 2.50 MiB/s, 最高分辨率: 1920x1080, 平均帧率: 未知, 视频编解码器: 未知, 音频编解码器: 未知
分类: ☘️浙江频道, 名称: 余杭综合, 有效: 1, IPv4: 1, IPv6: 0, 最小延迟: 416 ms, 最高速率: 1.49 MiB/s, 平均速率: 1.49 MiB/s, 最高分辨率: 1920x1080, 平均帧率: 未知, 视频编解码器: 未知, 音频编解码器: 未知
分类: ☘️浙江频道, 名称: 余姚姚江文化, 有效: 1, IPv4: 1, IPv6: 0, 最小延迟: 109 ms, 最高速率: 4.30 MiB/s, 平均速率: 4.30 MiB/s, 最高分辨率: 1920x1080, 平均帧率: 未知, 视频编解码器: 未知, 音频编解码器: 未知
分类: ☘️浙江频道, 名称: 余姚综合, 有效: 1, IPv4: 1, IPv6: 0, 最小延迟: 116 ms, 最高速率: 3.78 MiB/s, 平均速率: 3.78 MiB/s, 最高分辨率: 1920x1080, 平均帧率: 未知, 视频编解码器: 未知, 音频编解码器: 未知
分类: ☘️浙江频道, 名称: 余姚新闻综合, 有效: 1, IPv4: 1, IPv6: 0, 最小延迟: 355 ms, 最高速率: 2.45 MiB/s, 平均速率: 2.45 MiB/s, 最高分辨率: 1920x1080, 平均帧率: 未知, 视频编解码器: 未知, 音频编解码器: 未知
分类: ☘️浙江频道, 名称: 中国蓝新闻, 有效: 1, IPv4: 1, IPv6: 0, 最小延迟: 43 ms, 最高速率: 2.91 MiB/s, 平均速率: 2.91 MiB/s, 最高分辨率: 1920x1080, 平均帧率: 未知, 视频编解码器: 未知, 音频编解码器: 未知
分类: ☘️浙江频道, 名称: 云和新闻综合, 有效: 1, IPv4: 1, IPv6: 0, 最小延迟: 282 ms, 最高速率: 3.42 MiB/s, 平均速率: 3.42 MiB/s, 最高分辨率: 1280x720, 平均帧率: 未知, 视频编解码器: 未知, 音频编解码器: 未知
分类: ☘️浙江频道, 名称: 上虞新闻综合, 有效: 1, IPv4: 1, IPv6: 0, 最小延迟: 240 ms, 最高速率: 3.82 MiB/s, 平均速率: 3.82 MiB/s, 最高分辨率: 1920x1080, 平均帧率: 未知, 视频编解码器: 未知, 音频编解码器: 未知
分类: ☘️浙江频道, 名称: 东阳影视生活, 有效: 1, IPv4: 1, IPv6: 0, 最小延迟: 474 ms, 最高速率: 2.87 MiB/s, 平均速率: 2.87 MiB/s, 最高分辨率: 1280x720, 平均帧率: 未知, 视频编解码器: 未知, 音频编解码器: 未知
分类: ☘️浙江频道, 名称: 上虞新商都, 有效: 1, IPv4: 1, IPv6: 0, 最小延迟: 801 ms, 最高速率: 2.22 MiB/s, 平均速率: 2.22 MiB/s, 最高分辨率: 1920x1080, 平均帧率: 未知, 视频编解码器: 未知, 音频编解码器: 未知
分类: ☘️浙江频道, 名称: 上虞文化影院, 有效: 0, IPv4: 1, IPv6: 0, 最小延迟: 1014 ms, 最高速率: 0.40 MiB/s, 平均速率: 0.00 MiB/s, 最高分辨率: 1920x1080, 平均帧率: 未知, 视频编解码器: 未知, 音频编解码器: 未知
分类: ☘️上海频道, 名称: 新闻综合, 有效: 1, IPv4: 1, IPv6: 0, 最小延迟: 23 ms, 最高速率: 7.07 MiB/s, 平均速率: 7.07 MiB/s, 最高分辨率: 1920x1080, 平均帧率: 未知, 视频编解码器: 未知, 音频编解码器: 未知
分类: ☘️上海频道, 名称: 都市剧场, 有效: 0, IPv4: 1, IPv6: 0, 最小延迟: — ms, 最高速率: 0.00 MiB/s, 平均速率: 0.00 MiB/s, 最高分辨率: —, 平均帧率: 未知, 视频编解码器: 未知, 音频编解码器: 未知
分类: ☘️江苏频道, 名称: 六合新闻综合, 有效: 0, IPv4: 1, IPv6: 0, 最小延迟: — ms, 最高速率: 0.00 MiB/s, 平均速率: 0.00 MiB/s, 最高分辨率: 1280x720, 平均帧率: 未知, 视频编解码器: 未知, 音频编解码器: 未知
分类: ☘️江苏频道, 名称: 宜兴新闻, 有效: 0, IPv4: 1, IPv6: 0, 最小延迟: — ms, 最高速率: 0.00 MiB/s, 平均速率: 0.00 MiB/s, 最高分辨率: 1280x720, 平均帧率: 未知, 视频编解码器: 未知, 音频编解码器: 未知
分类: ☘️江苏频道, 名称: 宜兴紫砂, 有效: 0, IPv4: 1, IPv6: 0, 最小延迟: — ms, 最高速率: 0.00 MiB/s, 平均速率: 0.00 MiB/s, 最高分辨率: 1280x720, 平均帧率: 未知, 视频编解码器: 未知, 音频编解码器: 未知
分类: ☘️江苏频道, 名称: 常熟民生, 有效: 1, IPv4: 1, IPv6: 0, 最小延迟: 46 ms, 最高速率: 3.95 MiB/s, 平均速率: 3.95 MiB/s, 最高分辨率: 1280x720, 平均帧率: 未知, 视频编解码器: 未知, 音频编解码器: 未知
分类: ☘️江苏频道, 名称: 江苏影视, 有效: 0, IPv4: 1, IPv6: 0, 最小延迟: 623 ms, 最高速率: 0.21 MiB/s, 平均速率: 0.00 MiB/s, 最高分辨率: 1920x1080, 平均帧率: 未知, 视频编解码器: 未知, 音频编解码器: 未知
分类: ☘️江苏频道, 名称: 滨海新闻综合, 有效: 1, IPv4: 1, IPv6: 0, 最小延迟: 94 ms, 最高速率: 2.53 MiB/s, 平均速率: 2.53 MiB/s, 最高分辨率: 1920x1080, 平均帧率: 未知, 视频编解码器: 未知, 音频编解码器: 未知
分类: ☘️江苏频道, 名称: 苏州文化生活, 有效: 1, IPv4: 1, IPv6: 0, 最小延迟: 60 ms, 最高速率: 3.15 MiB/s, 平均速率: 3.15 MiB/s, 最高分辨率: 1280x720, 平均帧率: 未知, 视频编解码器: 未知, 音频编解码器: 未知
分类: ☘️江苏频道, 名称: 苏州生活资讯, 有效: 1, IPv4: 1, IPv6: 0, 最小延迟: 70 ms, 最高速率: 2.98 MiB/s, 平均速率: 2.98 MiB/s, 最高分辨率: 1280x720, 平均帧率: 未知, 视频编解码器: 未知, 音频编解码器: 未知
分类: ☘️江苏频道, 名称: 苏州社会经济, 有效: 1, IPv4: 1, IPv6: 0, 最小延迟: 100 ms, 最高速率: 5.21 MiB/s, 平均速率: 5.21 MiB/s, 最高分辨率: 1280x720, 平均帧率: 未知, 视频编解码器: 未知, 音频编解码器: 未知
分类: ☘️江苏频道, 名称: 睢宁综合, 有效: 0, IPv4: 1, IPv6: 0, 最小延迟: — ms, 最高速率: 0.00 MiB/s, 平均速率: 0.00 MiB/s, 最高分辨率: 1280x720, 平均帧率: 未知, 视频编解码器: 未知, 音频编解码器: 未知
分类: ☘️江苏频道, 名称: 镇江二套社会民生, 有效: 1, IPv4: 1, IPv6: 0, 最小延迟: 50 ms, 最高速率: 4.91 MiB/s, 平均速率: 4.91 MiB/s, 最高分辨率: 1920x1080, 平均帧率: 未知, 视频编解码器: 未知, 音频编解码器: 未知
分类: ☘️江苏频道, 名称: 镇江新闻综合, 有效: 1, IPv4: 1, IPv6: 0, 最小延迟: 94 ms, 最高速率: 4.27 MiB/s, 平均速率: 4.27 MiB/s, 最高分辨率: 1920x1080, 平均帧率: 未知, 视频编解码器: 未知, 音频编解码器: 未知
分类: ☘️江苏频道, 名称: 泗阳综合, 有效: 0, IPv4: 1, IPv6: 0, 最小延迟: — ms, 最高速率: 0.00 MiB/s, 平均速率: 0.00 MiB/s, 最高分辨率: —, 平均帧率: 未知, 视频编解码器: 未知, 音频编解码器: 未知
分类: ☘️重庆频道, 名称: 重庆汽摩, 有效: 1, IPv4: 1, IPv6: 0, 最小延迟: 95 ms, 最高速率: 1.47 MiB/s, 平均速率: 1.47 MiB/s, 最高分辨率: 1920x1080, 平均帧率: 未知, 视频编解码器: 未知, 音频编解码器: 未知
分类: ☘️重庆频道, 名称: 璧山综合, 有效: 0, IPv4: 1, IPv6: 0, 最小延迟: 135 ms, 最高速率: 0.17 MiB/s, 平均速率: 0.00 MiB/s, 最高分辨率: 1920x1080, 平均帧率: 未知, 视频编解码器: 未知, 音频编解码器: 未知
分类: ☘️北京频道, 名称: 北京新闻, 有效: 0, IPv4: 1, IPv6: 0, 最小延迟: — ms, 最高速率: 0.00 MiB/s, 平均速率: 0.00 MiB/s, 最高分辨率: —, 平均帧率: 未知, 视频编解码器: 未知, 音频编解码器: 未知
分类: ☘️广西频道, 名称: 南宁影视娱乐, 有效: 1, IPv4: 1, IPv6: 0, 最小延迟: 14 ms, 最高速率: 6.20 MiB/s, 平均速率: 6.20 MiB/s, 最高分辨率: 1280x720, 平均帧率: 未知, 视频编解码器: 未知, 音频编解码器: 未知
分类: ☘️广西频道, 名称: 南宁新闻综合, 有效: 1, IPv4: 1, IPv6: 0, 最小延迟: 141 ms, 最高速率: 1.73 MiB/s, 平均速率: 1.73 MiB/s, 最高分辨率: 1280x720, 平均帧率: 未知, 视频编解码器: 未知, 音频编解码器: 未知
分类: ☘️广西频道, 名称: 来宾综合, 有效: 0, IPv4: 1, IPv6: 0, 最小延迟: 90 ms, 最高速率: 0.00 MiB/s, 平均速率: 0.00 MiB/s, 最高分辨率: 1920x1080, 平均帧率: 未知, 视频编解码器: 未知, 音频编解码器: 未知
分类: ☘️四川频道, 名称: 乐至综合, 有效: 1, IPv4: 1, IPv6: 0, 最小延迟: 55 ms, 最高速率: 2.31 MiB/s, 平均速率: 2.31 MiB/s, 最高分辨率: 1920x1080, 平均帧率: 未知, 视频编解码器: 未知, 音频编解码器: 未知
分类: ☘️四川频道, 名称: 叙州新闻综合, 有效: 0, IPv4: 1, IPv6: 0, 最小延迟: — ms, 最高速率: 0.00 MiB/s, 平均速率: 0.00 MiB/s, 最高分辨率: 1920x1080, 平均帧率: 未知, 视频编解码器: 未知, 音频编解码器: 未知
分类: ☘️四川频道, 名称: 井研综合, 有效: 1, IPv4: 1, IPv6: 0, 最小延迟: 116 ms, 最高速率: 2.62 MiB/s, 平均速率: 2.62 MiB/s, 最高分辨率: 1920x1080, 平均帧率: 未知, 视频编解码器: 未知, 音频编解码器: 未知
分类: ☘️四川频道, 名称: 名山综合, 有效: 1, IPv4: 1, IPv6: 0, 最小延迟: 61 ms, 最高速率: 5.62 MiB/s, 平均速率: 5.62 MiB/s, 最高分辨率: 1920x1080, 平均帧率: 未知, 视频编解码器: 未知, 音频编解码器: 未知
分类: ☘️四川频道, 名称: 夹江新闻综合, 有效: 1, IPv4: 1, IPv6: 0, 最小延迟: 45 ms, 最高速率: 5.29 MiB/s, 平均速率: 5.29 MiB/s, 最高分辨率: 1920x1080, 平均帧率: 未知, 视频编解码器: 未知, 音频编解码器: 未知
分类: ☘️四川频道, 名称: 康巴卫视, 有效: 0, IPv4: 1, IPv6: 0, 最小延迟: — ms, 最高速率: 0.00 MiB/s, 平均速率: 0.00 MiB/s, 最高分辨率: —, 平均帧率: 未知, 视频编解码器: 未知, 音频编解码器: 未知
分类: ☘️四川频道, 名称: 甘孜综合, 有效: 1, IPv4: 1, IPv6: 0, 最小延迟: 108 ms, 最高速率: 0.22 MiB/s, 平均速率: 0.22 MiB/s, 最高分辨率: 1280x720, 平均帧率: 未知, 视频编解码器: 未知, 音频编解码器: 未知
分类: ☘️四川频道, 名称: 长宁综合, 有效: 0, IPv4: 1, IPv6: 0, 最小延迟: — ms, 最高速率: 0.00 MiB/s, 平均速率: 0.00 MiB/s, 最高分辨率: 1920x1080, 平均帧率: 未知, 视频编解码器: 未知, 音频编解码器: 未知
分类: ☘️四川频道, 名称: 荥经综合, 有效: 1, IPv4: 1, IPv6: 0, 最小延迟: 71 ms, 最高速率: 6.51 MiB/s, 平均速率: 6.51 MiB/s, 最高分辨率: 1920x1080, 平均帧率: 未知, 视频编解码器: 未知, 音频编解码器: 未知
分类: ☘️四川频道, 名称: 雅安新闻综合, 有效: 1, IPv4: 1, IPv6: 0, 最小延迟: 40 ms, 最高速率: 5.32 MiB/s, 平均速率: 5.32 MiB/s, 最高分辨率: 1920x1080, 平均帧率: 未知, 视频编解码器: 未知, 音频编解码器: 未知
分类: ☘️四川频道, 名称: 青川综合, 有效: 1, IPv4: 1, IPv6: 0, 最小延迟: 83 ms, 最高速率: 0.91 MiB/s, 平均速率: 0.91 MiB/s, 最高分辨率: 1920x1080, 平均帧率: 未知, 视频编解码器: 未知, 音频编解码器: 未知
分类: ☘️四川频道, 名称: 四川科教, 有效: 0, IPv4: 1, IPv6: 0, 最小延迟: — ms, 最高速率: 0.00 MiB/s, 平均速率: 0.00 MiB/s, 最高分辨率: —, 平均帧率: 未知, 视频编解码器: 未知, 音频编解码器: 未知
分类: ☘️天津频道, 名称: 天津都市, 有效: 0, IPv4: 1, IPv6: 0, 最小延迟: — ms, 最高速率: 0.00 MiB/s, 平均速率: 0.00 MiB/s, 最高分辨率: —, 平均帧率: 未知, 视频编解码器: 未知, 音频编解码器: 未知
分类: ☘️天津频道, 名称: 天津新闻, 有效: 0, IPv4: 1, IPv6: 0, 最小延迟: — ms, 最高速率: 0.00 MiB/s, 平均速率: 0.00 MiB/s, 最高分辨率: —, 平均帧率: 未知, 视频编解码器: 未知, 音频编解码器: 未知
分类: ☘️天津频道, 名称: 天津文艺, 有效: 0, IPv4: 1, IPv6: 0, 最小延迟: — ms, 最高速率: 0.00 MiB/s, 平均速率: 0.00 MiB/s, 最高分辨率: —, 平均帧率: 未知, 视频编解码器: 未知, 音频编解码器: 未知
分类: ☘️河北频道, 名称: 衡山, 有效: 1, IPv4: 1, IPv6: 0, 最小延迟: 56 ms, 最高速率: 4.21 MiB/s, 平均速率: 4.21 MiB/s, 最高分辨率: 1280x720, 平均帧率: 未知, 视频编解码器: 未知, 音频编解码器: 未知
分类: ☘️河北频道, 名称: 河北都市, 有效: 1, IPv4: 1, IPv6: 0, 最小延迟: 54 ms, 最高速率: 0.96 MiB/s, 平均速率: 0.96 MiB/s, 最高分辨率: —, 平均帧率: 未知, 视频编解码器: 未知, 音频编解码器: aac
分类: ☘️福建频道, 名称: 福建新闻, 有效: 1, IPv4: 1, IPv6: 0, 最小延迟: 18 ms, 最高速率: 2.35 MiB/s, 平均速率: 2.35 MiB/s, 最高分辨率: —, 平均帧率: 未知, 视频编解码器: 未知, 音频编解码器: aac
分类: ☘️福建频道, 名称: 福建经济, 有效: 1, IPv4: 1, IPv6: 0, 最小延迟: 18 ms, 最高速率: 3.22 MiB/s, 平均速率: 3.22 MiB/s, 最高分辨率: —, 平均帧率: 未知, 视频编解码器: 未知, 音频编解码器: aac
分类: ☘️甘肃频道, 名称: 甘肃经济, 有效: 1, IPv4: 1, IPv6: 0, 最小延迟: 19 ms, 最高速率: 2.60 MiB/s, 平均速率: 2.60 MiB/s, 最高分辨率: —, 平均帧率: 未知, 视频编解码器: 未知, 音频编解码器: aac
分类: ☘️甘肃频道, 名称: 永昌综合, 有效: 1, IPv4: 1, IPv6: 0, 最小延迟: 15 ms, 最高速率: 9.28 MiB/s, 平均速率: 9.28 MiB/s, 最高分辨率: 1920x1080, 平均帧率: 未知, 视频编解码器: 未知, 音频编解码器: 未知
分类: ☘️甘肃频道, 名称: 甘肃都市, 有效: 1, IPv4: 1, IPv6: 0, 最小延迟: 17 ms, 最高速率: 3.19 MiB/s, 平均速率: 3.19 MiB/s, 最高分辨率: —, 平均帧率: 未知, 视频编解码器: 未知, 音频编解码器: aac
分类: ☘️甘肃频道, 名称: 天祝综合, 有效: 1, IPv4: 1, IPv6: 0, 最小延迟: 248 ms, 最高速率: 4.66 MiB/s, 平均速率: 4.66 MiB/s, 最高分辨率: 1920x1080, 平均帧率: 未知, 视频编解码器: 未知, 音频编解码器: 未知
分类: ☘️甘肃频道, 名称: 嘉峪关综合, 有效: 1, IPv4: 1, IPv6: 0, 最小延迟: 16 ms, 最高速率: 9.09 MiB/s, 平均速率: 9.09 MiB/s, 最高分辨率: 1920x1080, 平均帧率: 未知, 视频编解码器: 未知, 音频编解码器: 未知
分类: ☘️甘肃频道, 名称: 张掖新闻综合, 有效: 0, IPv4: 1, IPv6: 0, 最小延迟: — ms, 最高速率: 0.00 MiB/s, 平均速率: 0.00 MiB/s, 最高分辨率: 1920x1080, 平均帧率: 未知, 视频编解码器: 未知, 音频编解码器: 未知
分类: ☘️甘肃频道, 名称: 西峰综合, 有效: 1, IPv4: 1, IPv6: 0, 最小延迟: 240 ms, 最高速率: 2.35 MiB/s, 平均速率: 2.35 MiB/s, 最高分辨率: 1280x720, 平均帧率: 未知, 视频编解码器: 未知, 音频编解码器: 未知
分类: ☘️甘肃频道, 名称: 白银综合, 有效: 1, IPv4: 1, IPv6: 0, 最小延迟: 416 ms, 最高速率: 2.77 MiB/s, 平均速率: 2.77 MiB/s, 最高分辨率: 1920x1080, 平均帧率: 未知, 视频编解码器: 未知, 音频编解码器: 未知
分类: ☘️甘肃频道, 名称: 秦安综合, 有效: 0, IPv4: 1, IPv6: 0, 最小延迟: — ms, 最高速率: 0.00 MiB/s, 平均速率: 0.00 MiB/s, 最高分辨率: —, 平均帧率: 未知, 视频编解码器: 未知, 音频编解码器: 未知
分类: ☘️新疆频道, 名称: 哈密二套, 有效: 0, IPv4: 1, IPv6: 0, 最小延迟: — ms, 最高速率: 0.00 MiB/s, 平均速率: 0.00 MiB/s, 最高分辨率: 1920x1080, 平均帧率: 未知, 视频编解码器: 未知, 音频编解码器: 未知
分类: ☘️新疆频道, 名称: 哈密三套, 有效: 0, IPv4: 1, IPv6: 0, 最小延迟: — ms, 最高速率: 0.00 MiB/s, 平均速率: 0.00 MiB/s, 最高分辨率: 1920x1080, 平均帧率: 未知, 视频编解码器: 未知, 音频编解码器: 未知
分类: ☘️新疆频道, 名称: 伊犁维吾尔, 有效: 1, IPv4: 1, IPv6: 0, 最小延迟: 135 ms, 最高速率: 3.75 MiB/s, 平均速率: 3.75 MiB/s, 最高分辨率: 1920x1080, 平均帧率: 未知, 视频编解码器: 未知, 音频编解码器: 未知
分类: ☘️新疆频道, 名称: 伊犁哈萨克, 有效: 1, IPv4: 1, IPv6: 0, 最小延迟: 158 ms, 最高速率: 4.34 MiB/s, 平均速率: 4.34 MiB/s, 最高分辨率: 1920x1080, 平均帧率: 未知, 视频编解码器: 未知, 音频编解码器: 未知
分类: ☘️新疆频道, 名称: 玛纳斯综合, 有效: 1, IPv4: 1, IPv6: 0, 最小延迟: 137 ms, 最高速率: 0.71 MiB/s, 平均速率: 0.71 MiB/s, 最高分辨率: 1920x1080, 平均帧率: 未知, 视频编解码器: 未知, 音频编解码器: 未知
分类: ☘️新疆频道, 名称: 可克达拉综合, 有效: 1, IPv4: 1, IPv6: 0, 最小延迟: 111 ms, 最高速率: 1.20 MiB/s, 平均速率: 1.20 MiB/s, 最高分辨率: 1920x1080, 平均帧率: 未知, 视频编解码器: 未知, 音频编解码器: 未知
分类: ☘️新疆频道, 名称: 兵团八师石河子新闻综合, 有效: 1, IPv4: 1, IPv6: 0, 最小延迟: 77 ms, 最高速率: 1.33 MiB/s, 平均速率: 1.33 MiB/s, 最高分辨率: 1920x1080, 平均帧率: 未知, 视频编解码器: 未知, 音频编解码器: 未知
分类: ☘️山东频道, 名称: 山东教育, 有效: 1, IPv4: 1, IPv6: 0, 最小延迟: 41 ms, 最高速率: 4.01 MiB/s, 平均速率: 4.01 MiB/s, 最高分辨率: 1280x720, 平均帧率: 未知, 视频编解码器: 未知, 音频编解码器: 未知
分类: ☘️山东频道, 名称: 菏泽新闻综合, 有效: 1, IPv4: 1, IPv6: 0, 最小延迟: 61 ms, 最高速率: 1.78 MiB/s, 平均速率: 1.78 MiB/s, 最高分辨率: 1280x720, 平均帧率: 未知, 视频编解码器: 未知, 音频编解码器: 未知
分类: ☘️山东频道, 名称: 菏泽经济生活, 有效: 1, IPv4: 1, IPv6: 0, 最小延迟: 190 ms, 最高速率: 1.96 MiB/s, 平均速率: 1.96 MiB/s, 最高分辨率: 1280x720, 平均帧率: 未知, 视频编解码器: 未知, 音频编解码器: 未知
分类: ☘️山西频道, 名称: 黎城综合, 有效: 0, IPv4: 1, IPv6: 0, 最小延迟: — ms, 最高速率: 0.00 MiB/s, 平均速率: 0.00 MiB/s, 最高分辨率: 1920x1080, 平均帧率: 未知, 视频编解码器: 未知, 音频编解码器: 未知
分类: ☘️山西频道, 名称: 太谷新闻综合, 有效: 1, IPv4: 1, IPv6: 0, 最小延迟: 344 ms, 最高速率: 2.82 MiB/s, 平均速率: 2.82 MiB/s, 最高分辨率: 1920x1080, 平均帧率: 未知, 视频编解码器: 未知, 音频编解码器: 未知
分类: ☘️山西频道, 名称: 大宁综合, 有效: 1, IPv4: 1, IPv6: 0, 最小延迟: 105 ms, 最高速率: 0.56 MiB/s, 平均速率: 0.56 MiB/s, 最高分辨率: —, 平均帧率: 未知, 视频编解码器: 未知, 音频编解码器: aac
分类: ☘️安徽频道, 名称: 安徽导视, 有效: 1, IPv4: 1, IPv6: 0, 最小延迟: 23 ms, 最高速率: 7.04 MiB/s, 平均速率: 7.04 MiB/s, 最高分辨率: 1920x1080, 平均帧率: 未知, 视频编解码器: 未知, 音频编解码器: 未知
分类: ☘️安徽频道, 名称: 广德生活, 有效: 1, IPv4: 1, IPv6: 0, 最小延迟: 109 ms, 最高速率: 4.48 MiB/s, 平均速率: 4.48 MiB/s, 最高分辨率: 1920x1080, 平均帧率: 未知, 视频编解码器: 未知, 音频编解码器: 未知
分类: ☘️安徽频道, 名称: 固镇新闻, 有效: 1, IPv4: 1, IPv6: 0, 最小延迟: 72 ms, 最高速率: 1.06 MiB/s, 平均速率: 1.06 MiB/s, 最高分辨率: 1920x1080, 平均帧率: 未知, 视频编解码器: 未知, 音频编解码器: 未知
分类: ☘️吉林频道, 名称: 延边卫视, 有效: 1, IPv4: 1, IPv6: 0, 最小延迟: 66 ms, 最高速率: 3.78 MiB/s, 平均速率: 3.78 MiB/s, 最高分辨率: 1920x1080, 平均帧率: 未知, 视频编解码器: 未知, 音频编解码器: 未知
分类: ☘️吉林频道, 名称: 吉林乡村, 有效: 1, IPv4: 1, IPv6: 0, 最小延迟: 20 ms, 最高速率: 3.22 MiB/s, 平均速率: 3.22 MiB/s, 最高分辨率: —, 平均帧率: 未知, 视频编解码器: 未知, 音频编解码器: aac
分类: ☘️内蒙古频道, 名称: 内蒙古文体娱乐, 有效: 0, IPv4: 1, IPv6: 0, 最小延迟: — ms, 最高速率: 0.00 MiB/s, 平均速率: 0.00 MiB/s, 最高分辨率: 1920x1080, 平均帧率: 未知, 视频编解码器: 未知, 音频编解码器: 未知
分类: ☘️内蒙古频道, 名称: 内蒙古蒙语文化, 有效: 0, IPv4: 1, IPv6: 0, 最小延迟: — ms, 最高速率: 0.00 MiB/s, 平均速率: 0.00 MiB/s, 最高分辨率: 1920x1080, 平均帧率: 未知, 视频编解码器: 未知, 音频编解码器: 未知
分类: ☘️云南频道, 名称: 通海电视台, 有效: 1, IPv4: 1, IPv6: 0, 最小延迟: 98 ms, 最高速率: 6.04 MiB/s, 平均速率: 6.04 MiB/s, 最高分辨率: 1920x1080, 平均帧率: 未知, 视频编解码器: 未知, 音频编解码器: 未知
分类: ☘️云南频道, 名称: 易门综合, 有效: 1, IPv4: 1, IPv6: 0, 最小延迟: 679 ms, 最高速率: 1.04 MiB/s, 平均速率: 1.04 MiB/s, 最高分辨率: 1920x1080, 平均帧率: 未知, 视频编解码器: 未知, 音频编解码器: 未知
分类: ☘️云南频道, 名称: 陇川综合, 有效: 0, IPv4: 1, IPv6: 0, 最小延迟: — ms, 最高速率: 0.00 MiB/s, 平均速率: 0.00 MiB/s, 最高分辨率: —, 平均帧率: 未知, 视频编解码器: 未知, 音频编解码器: 未知
分类: ☘️黑龙江频道, 名称: 七台河新闻综合, 有效: 1, IPv4: 1, IPv6: 0, 最小延迟: 92 ms, 最高速率: 2.14 MiB/s, 平均速率: 2.14 MiB/s, 最高分辨率: 1280x720, 平均帧率: 未知, 视频编解码器: 未知, 音频编解码器: 未知
分类: ☘️黑龙江频道, 名称: 双鸭山综合, 有效: 0, IPv4: 1, IPv6: 0, 最小延迟: — ms, 最高速率: 0.00 MiB/s, 平均速率: 0.00 MiB/s, 最高分辨率: 1280x720, 平均帧率: 未知, 视频编解码器: 未知, 音频编解码器: 未知
分类: 🏛经典剧场, 名称: 闯关东, 有效: 0, IPv4: 1, IPv6: 0, 最小延迟: — ms, 最高速率: 0.00 MiB/s, 平均速率: 0.00 MiB/s, 最高分辨率: 1056x960, 平均帧率: 未知, 视频编解码器: 未知, 音频编解码器: 未知
分类: 🪁动画频道, 名称: 新动漫, 有效: 0, IPv4: 1, IPv6: 0, 最小延迟: 209 ms, 最高速率: 0.49 MiB/s, 平均速率: 0.00 MiB/s, 最高分辨率: 1920x1080, 平均帧率: 未知, 视频编解码器: 未知, 音频编解码器: 未知
分类: 🎬电影频道, 名称: 无线星河, 有效: 0, IPv4: 1, IPv6: 0, 最小延迟: — ms, 最高速率: 0.00 MiB/s, 平均速率: 0.00 MiB/s, 最高分辨率: 1280x720, 平均帧率: 未知, 视频编解码器: 未知, 音频编解码器: 未知
分类: 🌊湾湾, 名称: 中天新闻, 有效: 1, IPv4: 1, IPv6: 0, 最小延迟: 42 ms, 最高速率: 1.67 MiB/s, 平均速率: 1.67 MiB/s, 最高分辨率: 1920x1080, 平均帧率: 未知, 视频编解码器: 未知, 音频编解码器: 未知
分类: 🌊湾湾, 名称: 寰宇新闻, 有效: 1, IPv4: 1, IPv6: 0, 最小延迟: 43 ms, 最高速率: 1.94 MiB/s, 平均速率: 1.94 MiB/s, 最高分辨率: 1920x1080, 平均帧率: 未知, 视频编解码器: 未知, 音频编解码器: 未知
分类: 🌊湾湾, 名称: 台视新闻, 有效: 1, IPv4: 1, IPv6: 0, 最小延迟: 42 ms, 最高速率: 2.19 MiB/s, 平均速率: 2.19 MiB/s, 最高分辨率: 1920x1080, 平均帧率: 未知, 视频编解码器: 未知, 音频编解码器: 未知
分类: 🌊港·澳, 名称: 凤凰资讯, 有效: 1, IPv4: 1, IPv6: 0, 最小延迟: 123 ms, 最高速率: 0.65 MiB/s, 平均速率: 0.65 MiB/s, 最高分辨率: 1280x720, 平均帧率: 未知, 视频编解码器: 未知, 音频编解码器: 未知
分类: 🌊港·澳, 名称: 凤凰中文, 有效: 0, IPv4: 1, IPv6: 0, 最小延迟: — ms, 最高速率: 0.00 MiB/s, 平均速率: 0.00 MiB/s, 最高分辨率: —, 平均帧率: 未知, 视频编解码器: 未知, 音频编解码器: 未知
分类: 🏀体育频道, 名称: 快乐垂钓, 有效: 0, IPv4: 1, IPv6: 0, 最小延迟: 41 ms, 最高速率: 0.41 MiB/s, 平均速率: 0.00 MiB/s, 最高分辨率: 1920x1080, 平均帧率: 未知, 视频编解码器: 未知, 音频编解码器: 未知
分类: 🏀体育频道, 名称: 天津体育, 有效: 0, IPv4: 1, IPv6: 0, 最小延迟: — ms, 最高速率: 0.00 MiB/s, 平均速率: 0.00 MiB/s, 最高分辨率: —, 平均帧率: 未知, 视频编解码器: 未知, 音频编解码器: 未知
分类: 🎵音乐频道, 名称: 音乐之声, 有效: 0, IPv4: 1, IPv6: 0, 最小延迟: 211 ms, 最高速率: 0.36 MiB/s, 平均速率: 0.00 MiB/s, 最高分辨率: —, 平均帧率: 未知, 视频编解码器: 未知, 音频编解码器: aac
分类: 🎵音乐频道, 名称: 潮流音乐, 有效: 1, IPv4: 1, IPv6: 0, 最小延迟: 93 ms, 最高速率: 0.83 MiB/s, 平均速率: 0.83 MiB/s, 最高分辨率: —, 平均帧率: 未知, 视频编解码器: 未知, 音频编解码器: mp3
分类: 🎵音乐频道, 名称: 音乐现场, 有效: 2, IPv4: 2, IPv6: 0, 最小延迟: 20 ms, 最高速率: 3.08 MiB/s, 平均速率: 2.67 MiB/s, 最高分辨率: —, 平均帧率: 未知, 视频编解码器: 未知, 音频编解码器: aac
